

================================================================
== Vitis HLS Report for 'bfs'
================================================================
* Date:           Mon Mar 10 00:11:15 2025

* Version:        2022.1 (Build 3526262 on Mon Apr 18 15:47:01 MDT 2022)
* Project:        bfs_random_prj_p1
* Solution:       solution (Vivado IP Flow Target)
* Product family: virtex7
* Target device:  xc7vx485t-ffg1761-2


================================================================
== Performance Estimates
================================================================
+ Timing: 
    * Summary: 
    +--------+----------+----------+------------+
    |  Clock |  Target  | Estimated| Uncertainty|
    +--------+----------+----------+------------+
    |ap_clk  |  10.00 ns|  6.904 ns|     2.70 ns|
    +--------+----------+----------+------------+

+ Latency: 
    * Summary: 
    +---------+---------+----------+----------+-----+-----+---------+
    |  Latency (cycles) |  Latency (absolute) |  Interval | Pipeline|
    |   min   |   max   |    min   |    max   | min | max |   Type  |
    +---------+---------+----------+----------+-----+-----+---------+
    |        ?|        ?|         ?|         ?|    ?|    ?|       no|
    +---------+---------+----------+----------+-----+-----+---------+

    + Detail: 
        * Instance: 
        N/A

        * Loop: 
        +---------------------+---------+---------+----------+-----------+-----------+------+----------+
        |                     |  Latency (cycles) | Iteration|  Initiation Interval  | Trip |          |
        |      Loop Name      |   min   |   max   |  Latency |  achieved |   target  | Count| Pipelined|
        +---------------------+---------+---------+----------+-----------+-----------+------+----------+
        |- loop_horizons      |        ?|        ?|         ?|          -|          -|     ?|        no|
        | + loop_nodes        |        ?|        ?|         ?|          -|          -|   256|        no|
        |  ++ loop_neighbors  |        ?|        ?|         4|          -|          -|     ?|        no|
        +---------------------+---------+---------+----------+-----------+-----------+------+----------+



================================================================
== Utilization Estimates
================================================================
* Summary: 
+-----------------+---------+------+--------+--------+-----+
|       Name      | BRAM_18K|  DSP |   FF   |   LUT  | URAM|
+-----------------+---------+------+--------+--------+-----+
|DSP              |        -|     -|       -|       -|    -|
|Expression       |        -|     -|       0|    2258|    -|
|FIFO             |        -|     -|       -|       -|    -|
|Instance         |        -|     -|       0|      18|    -|
|Memory           |        -|     -|       -|       -|    -|
|Multiplexer      |        -|     -|       -|     227|    -|
|Register         |        -|     -|     874|       -|    -|
+-----------------+---------+------+--------+--------+-----+
|Total            |        0|     0|     874|    2503|    0|
+-----------------+---------+------+--------+--------+-----+
|Available        |     2060|  2800|  607200|  303600|    0|
+-----------------+---------+------+--------+--------+-----+
|Utilization (%)  |        0|     0|      ~0|      ~0|    0|
+-----------------+---------+------+--------+--------+-----+

+ Detail: 
    * Instance: 
    +------------------+---------------+---------+----+---+----+-----+
    |     Instance     |     Module    | BRAM_18K| DSP| FF| LUT| URAM|
    +------------------+---------------+---------+----+---+----+-----+
    |mux_21_8_1_1_U1   |mux_21_8_1_1   |        0|   0|  0|   9|    0|
    |mux_257_8_1_1_U2  |mux_257_8_1_1  |        0|   0|  0|   9|    0|
    +------------------+---------------+---------+----+---+----+-----+
    |Total             |               |        0|   0|  0|  18|    0|
    +------------------+---------------+---------+----+---+----+-----+

    * DSP: 
    N/A

    * Memory: 
    N/A

    * FIFO: 
    N/A

    * Expression: 
    +-------------------------+----------+----+---+-----+------------+------------+
    |      Variable Name      | Operation| DSP| FF| LUT | Bitwidth P0| Bitwidth P1|
    +-------------------------+----------+----+---+-----+------------+------------+
    |add_ln21_cast_fu_416_p2  |         +|   0|  0|   13|           4|           1|
    |add_ln21_fu_410_p2       |         +|   0|  0|   71|          64|           1|
    |cnt_4_fu_790_p2          |         +|   0|  0|   71|          64|           1|
    |e_2_fu_797_p2            |         +|   0|  0|   71|          64|           1|
    |empty_17_fu_422_p2       |         +|   0|  0|   15|           8|           1|
    |n_1_fu_442_p2            |         +|   0|  0|   16|           9|           1|
    |and_ln18_1_fu_365_p2     |       and|   0|  0|   16|          16|          16|
    |and_ln18_fu_387_p2       |       and|   0|  0|   16|          16|          16|
    |and_ln33_1_fu_748_p2     |       and|   0|  0|   16|          16|          16|
    |and_ln33_fu_769_p2       |       and|   0|  0|   16|          16|          16|
    |and_ln39_fu_499_p2       |       and|   0|  0|    2|           1|           1|
    |icmp_ln21_fu_494_p2      |      icmp|   0|  0|   29|          64|           4|
    |icmp_ln24_fu_436_p2      |      icmp|   0|  0|   11|           9|          10|
    |icmp_ln25_fu_561_p2      |      icmp|   0|  0|   29|          64|          64|
    |icmp_ln28_1_fu_607_p2    |      icmp|   0|  0|   29|          64|          64|
    |icmp_ln28_fu_601_p2      |      icmp|   0|  0|   29|          64|          64|
    |icmp_ln32_fu_719_p2      |      icmp|   0|  0|   11|           8|           7|
    |icmp_ln39_fu_488_p2      |      icmp|   0|  0|   29|          64|           1|
    |lshr_ln25_1_fu_534_p2    |      lshr|   0|  0|   35|          16|          16|
    |lshr_ln25_fu_520_p2      |      lshr|   0|  0|   35|          16|          16|
    |lshr_ln26_fu_581_p2      |      lshr|   0|  0|  950|         256|         256|
    |lshr_ln29_fu_641_p2      |      lshr|   0|  0|  423|         128|         128|
    |lshr_ln30_1_fu_700_p2    |      lshr|   0|  0|   35|          16|          16|
    |lshr_ln30_fu_686_p2      |      lshr|   0|  0|   35|          16|          16|
    |or_ln33_1_fu_763_p2      |        or|   0|  0|   16|          16|          16|
    |or_ln33_fu_784_p2        |        or|   0|  0|   16|          16|          16|
    |shl_ln18_1_fu_353_p2     |       shl|   0|  0|   35|           8|          16|
    |shl_ln18_fu_375_p2       |       shl|   0|  0|   35|           8|          16|
    |shl_ln33_1_fu_778_p2     |       shl|   0|  0|   35|          16|          16|
    |shl_ln33_2_fu_757_p2     |       shl|   0|  0|   35|          16|          16|
    |shl_ln33_fu_736_p2       |       shl|   0|  0|   35|           8|          16|
    |xor_ln18_1_fu_359_p2     |       xor|   0|  0|   16|          16|           2|
    |xor_ln18_fu_381_p2       |       xor|   0|  0|   16|          16|           2|
    |xor_ln33_fu_742_p2       |       xor|   0|  0|   16|          16|           2|
    +-------------------------+----------+----+---+-----+------------+------------+
    |Total                    |          |   0|  0| 2258|        1199|         851|
    +-------------------------+----------+----+---+-----+------------+------------+

    * Multiplexer: 
    +--------------------------------+----+-----------+-----+-----------+
    |              Name              | LUT| Input Size| Bits| Total Bits|
    +--------------------------------+----+-----------+-----+-----------+
    |ap_NS_fsm                       |  53|         13|    1|         13|
    |ap_phi_mux_cnt_2_phi_fu_292_p4  |   9|          2|   64|        128|
    |cnt_1_reg_267                   |   9|          2|   64|        128|
    |cnt_2_reg_288                   |   9|          2|   64|        128|
    |cnt_3_reg_300                   |   9|          2|   64|        128|
    |cnt_reg_242                     |   9|          2|   64|        128|
    |e_1_reg_278                     |   9|          2|   64|        128|
    |horizon_fu_112                  |   9|          2|   64|        128|
    |level_0_address0                |  25|          6|    6|         36|
    |level_0_d0                      |  13|          3|   16|         48|
    |level_1_address0                |  25|          6|    6|         36|
    |level_1_d0                      |  13|          3|   16|         48|
    |level_counts_0_address0         |  13|          3|    3|          9|
    |level_counts_0_d0               |  13|          3|   64|        192|
    |n_reg_256                       |   9|          2|    9|         18|
    +--------------------------------+----+-----------+-----+-----------+
    |Total                           | 227|         53|  569|       1296|
    +--------------------------------+----+-----------+-----+-----------+

    * Register: 
    +------------------------+-----+----+-----+-----------+
    |          Name          |  FF | LUT| Bits| Const Bits|
    +------------------------+-----+----+-----+-----------+
    |add_ln21_cast_reg_841   |    4|   0|    4|          0|
    |add_ln21_reg_835        |   64|   0|   64|          0|
    |and_ln_reg_803          |    1|   0|    4|          3|
    |ap_CS_fsm               |   12|   0|   12|          0|
    |cnt_1_reg_267           |   64|   0|   64|          0|
    |cnt_2_reg_288           |   64|   0|   64|          0|
    |cnt_3_reg_300           |   64|   0|   64|          0|
    |cnt_reg_242             |   64|   0|   64|          0|
    |e_1_reg_278             |   64|   0|   64|          0|
    |empty_17_reg_846        |    8|   0|    8|          0|
    |horizon_1_reg_830       |   64|   0|   64|          0|
    |horizon_fu_112          |   64|   0|   64|          0|
    |icmp_ln25_reg_892       |    1|   0|    1|          0|
    |icmp_ln32_reg_947       |    1|   0|    1|          0|
    |level_0_addr_2_reg_937  |    6|   0|    6|          0|
    |level_0_addr_reg_813    |    6|   0|    6|          0|
    |level_1_addr_2_reg_942  |    6|   0|    6|          0|
    |level_1_addr_reg_818    |    6|   0|    6|          0|
    |lshr_ln29_reg_922       |  128|   0|  128|          0|
    |lshr_ln2_reg_927        |   57|   0|   57|          0|
    |n_1_reg_860             |    9|   0|    9|          0|
    |n_reg_256               |    9|   0|    9|          0|
    |or_ln33_1_reg_955       |   16|   0|   16|          0|
    |or_ln33_reg_960         |   16|   0|   16|          0|
    |tmp_1_reg_809           |    1|   0|    1|          0|
    |tmp_2_reg_865           |    1|   0|    1|          0|
    |tmp_3_reg_871           |    1|   0|    1|          0|
    |tmp_7_reg_932           |    1|   0|    1|          0|
    |tmp_8_reg_951           |    1|   0|    1|          0|
    |tmp_end_reg_906         |   64|   0|   64|          0|
    |trunc_ln24_1_reg_852    |    7|   0|    7|          0|
    +------------------------+-----+----+-----+-----------+
    |Total                   |  874|   0|  877|          3|
    +------------------------+-----+----+-----+-----------+



================================================================
== Interface
================================================================
* Summary: 
+-------------------------+-----+-----+------------+----------------+--------------+
|        RTL Ports        | Dir | Bits|  Protocol  |  Source Object |    C Type    |
+-------------------------+-----+-----+------------+----------------+--------------+
|ap_clk                   |   in|    1|  ap_ctrl_hs|             bfs|  return value|
|ap_rst                   |   in|    1|  ap_ctrl_hs|             bfs|  return value|
|ap_start                 |   in|    1|  ap_ctrl_hs|             bfs|  return value|
|ap_done                  |  out|    1|  ap_ctrl_hs|             bfs|  return value|
|ap_idle                  |  out|    1|  ap_ctrl_hs|             bfs|  return value|
|ap_ready                 |  out|    1|  ap_ctrl_hs|             bfs|  return value|
|nodes_address0           |  out|    7|   ap_memory|           nodes|         array|
|nodes_ce0                |  out|    1|   ap_memory|           nodes|         array|
|nodes_q0                 |   in|  256|   ap_memory|           nodes|         array|
|edges_address0           |  out|   11|   ap_memory|           edges|         array|
|edges_ce0                |  out|    1|   ap_memory|           edges|         array|
|edges_q0                 |   in|  128|   ap_memory|           edges|         array|
|starting_node            |   in|   64|     ap_none|   starting_node|        scalar|
|level_0_address0         |  out|    6|   ap_memory|         level_0|         array|
|level_0_ce0              |  out|    1|   ap_memory|         level_0|         array|
|level_0_we0              |  out|    1|   ap_memory|         level_0|         array|
|level_0_d0               |  out|   16|   ap_memory|         level_0|         array|
|level_0_q0               |   in|   16|   ap_memory|         level_0|         array|
|level_1_address0         |  out|    6|   ap_memory|         level_1|         array|
|level_1_ce0              |  out|    1|   ap_memory|         level_1|         array|
|level_1_we0              |  out|    1|   ap_memory|         level_1|         array|
|level_1_d0               |  out|   16|   ap_memory|         level_1|         array|
|level_1_q0               |   in|   16|   ap_memory|         level_1|         array|
|level_counts_0_address0  |  out|    3|   ap_memory|  level_counts_0|         array|
|level_counts_0_ce0       |  out|    1|   ap_memory|  level_counts_0|         array|
|level_counts_0_we0       |  out|    1|   ap_memory|  level_counts_0|         array|
|level_counts_0_d0        |  out|   64|   ap_memory|  level_counts_0|         array|
|level_counts_1_address0  |  out|    3|   ap_memory|  level_counts_1|         array|
|level_counts_1_ce0       |  out|    1|   ap_memory|  level_counts_1|         array|
|level_counts_1_we0       |  out|    1|   ap_memory|  level_counts_1|         array|
|level_counts_1_d0        |  out|   64|   ap_memory|  level_counts_1|         array|
+-------------------------+-----+-----+------------+----------------+--------------+

