

================================================================
== Vitis HLS Report for 'bfs'
================================================================
* Date:           Mon Mar 10 00:16:17 2025

* Version:        2022.1 (Build 3526262 on Mon Apr 18 15:47:01 MDT 2022)
* Project:        bfs_random_prj_p1
* Solution:       solution (Vivado IP Flow Target)
* Product family: virtex7
* Target device:  xc7vx485t-ffg1761-2


================================================================
== Performance Estimates
================================================================
+ Timing: 
    * Summary: 
    +--------+----------+----------+------------+
    |  Clock |  Target  | Estimated| Uncertainty|
    +--------+----------+----------+------------+
    |ap_clk  |  10.00 ns|  6.900 ns|     2.70 ns|
    +--------+----------+----------+------------+

+ Latency: 
    * Summary: 
    +---------+---------+----------+----------+-----+-----+---------+
    |  Latency (cycles) |  Latency (absolute) |  Interval | Pipeline|
    |   min   |   max   |    min   |    max   | min | max |   Type  |
    +---------+---------+----------+----------+-----+-----+---------+
    |        ?|        ?|         ?|         ?|    ?|    ?|       no|
    +---------+---------+----------+----------+-----+-----+---------+

    + Detail: 
        * Instance: 
        N/A

        * Loop: 
        +---------------------+---------+---------+----------+-----------+-----------+------+----------+
        |                     |  Latency (cycles) | Iteration|  Initiation Interval  | Trip |          |
        |      Loop Name      |   min   |   max   |  Latency |  achieved |   target  | Count| Pipelined|
        +---------------------+---------+---------+----------+-----------+-----------+------+----------+
        |- loop_horizons      |        ?|        ?|         ?|          -|          -|     ?|        no|
        | + loop_nodes        |        ?|        ?|         ?|          -|          -|   256|        no|
        |  ++ loop_neighbors  |        ?|        ?|         3|          -|          -|     ?|        no|
        +---------------------+---------+---------+----------+-----------+-----------+------+----------+



================================================================
== Utilization Estimates
================================================================
* Summary: 
+-----------------+---------+------+--------+--------+-----+
|       Name      | BRAM_18K|  DSP |   FF   |   LUT  | URAM|
+-----------------+---------+------+--------+--------+-----+
|DSP              |        -|     -|       -|       -|    -|
|Expression       |        -|     -|       0|    1587|    -|
|FIFO             |        -|     -|       -|       -|    -|
|Instance         |        -|     -|       0|       9|    -|
|Memory           |        -|     -|       -|       -|    -|
|Multiplexer      |        -|     -|       -|     176|    -|
|Register         |        -|     -|     571|       -|    -|
+-----------------+---------+------+--------+--------+-----+
|Total            |        0|     0|     571|    1772|    0|
+-----------------+---------+------+--------+--------+-----+
|Available        |     2060|  2800|  607200|  303600|    0|
+-----------------+---------+------+--------+--------+-----+
|Utilization (%)  |        0|     0|      ~0|      ~0|    0|
+-----------------+---------+------+--------+--------+-----+

+ Detail: 
    * Instance: 
    +-------------------+----------------+---------+----+---+----+-----+
    |      Instance     |     Module     | BRAM_18K| DSP| FF| LUT| URAM|
    +-------------------+----------------+---------+----+---+----+-----+
    |mux_253_64_1_1_U1  |mux_253_64_1_1  |        0|   0|  0|   9|    0|
    +-------------------+----------------+---------+----+---+----+-----+
    |Total              |                |        0|   0|  0|   9|    0|
    +-------------------+----------------+---------+----+---+----+-----+

    * DSP: 
    N/A

    * Memory: 
    N/A

    * FIFO: 
    N/A

    * Expression: 
    +-----------------------+----------+----+---+-----+------------+------------+
    |     Variable Name     | Operation| DSP| FF| LUT | Bitwidth P0| Bitwidth P1|
    +-----------------------+----------+----+---+-----+------------+------------+
    |add_ln21_fu_327_p2     |         +|   0|  0|   71|          64|           1|
    |cnt_4_fu_570_p2        |         +|   0|  0|   71|          64|           1|
    |e_2_fu_577_p2          |         +|   0|  0|   71|          64|           1|
    |empty_fu_333_p2        |         +|   0|  0|   15|           8|           1|
    |n_1_fu_345_p2          |         +|   0|  0|   16|           9|           1|
    |and_ln18_fu_313_p2     |       and|   0|  0|   16|          16|          16|
    |and_ln33_fu_548_p2     |       and|   0|  0|   16|          16|          16|
    |icmp_ln24_fu_339_p2    |      icmp|   0|  0|   11|           9|          10|
    |icmp_ln25_fu_409_p2    |      icmp|   0|  0|   29|          64|          64|
    |icmp_ln28_1_fu_451_p2  |      icmp|   0|  0|   29|          64|          64|
    |icmp_ln28_fu_445_p2    |      icmp|   0|  0|   29|          64|          64|
    |icmp_ln32_fu_526_p2    |      icmp|   0|  0|   11|           8|           7|
    |icmp_ln39_fu_370_p2    |      icmp|   0|  0|   29|          64|           1|
    |lshr_ln25_fu_391_p2    |      lshr|   0|  0|   35|          16|          16|
    |lshr_ln26_fu_425_p2    |      lshr|   0|  0|  950|         256|         256|
    |lshr_ln30_fu_516_p2    |      lshr|   0|  0|   35|          16|          16|
    |or_ln33_fu_563_p2      |        or|   0|  0|   16|          16|          16|
    |shl_ln18_fu_301_p2     |       shl|   0|  0|   35|           8|          16|
    |shl_ln33_1_fu_557_p2   |       shl|   0|  0|   35|          16|          16|
    |shl_ln33_fu_536_p2     |       shl|   0|  0|   35|           8|          16|
    |xor_ln18_fu_307_p2     |       xor|   0|  0|   16|          16|           2|
    |xor_ln33_fu_542_p2     |       xor|   0|  0|   16|          16|           2|
    +-----------------------+----------+----+---+-----+------------+------------+
    |Total                  |          |   0|  0| 1587|         882|         603|
    +-----------------------+----------+----+---+-----+------------+------------+

    * Multiplexer: 
    +--------------------------------+----+-----------+-----+-----------+
    |              Name              | LUT| Input Size| Bits| Total Bits|
    +--------------------------------+----+-----------+-----+-----------+
    |ap_NS_fsm                       |  45|         11|    1|         11|
    |ap_phi_mux_cnt_2_phi_fu_242_p4  |  13|          3|   64|        192|
    |cnt_1_reg_217                   |   9|          2|   64|        128|
    |cnt_3_reg_250                   |   9|          2|   64|        128|
    |cnt_reg_193                     |   9|          2|   64|        128|
    |e_1_reg_228                     |   9|          2|   64|        128|
    |horizon_fu_92                   |   9|          2|   64|        128|
    |level_address0                  |  25|          6|    7|         42|
    |level_counts_address0           |  13|          3|    4|         12|
    |level_counts_d0                 |  13|          3|   64|        192|
    |level_d0                        |  13|          3|   16|         48|
    |n_reg_206                       |   9|          2|    9|         18|
    +--------------------------------+----+-----------+-----+-----------+
    |Total                           | 176|         41|  485|       1155|
    +--------------------------------+----+-----------+-----+-----------+

    * Register: 
    +----------------------+----+----+-----+-----------+
    |         Name         | FF | LUT| Bits| Const Bits|
    +----------------------+----+----+-----+-----------+
    |add_ln21_reg_605      |  64|   0|   64|          0|
    |ap_CS_fsm             |  10|   0|   10|          0|
    |cnt_1_reg_217         |  64|   0|   64|          0|
    |cnt_3_reg_250         |  64|   0|   64|          0|
    |cnt_reg_193           |  64|   0|   64|          0|
    |e_1_reg_228           |  64|   0|   64|          0|
    |empty_reg_611         |   8|   0|    8|          0|
    |horizon_1_reg_600     |  64|   0|   64|          0|
    |horizon_fu_92         |  64|   0|   64|          0|
    |level_addr_2_reg_682  |   7|   0|    7|          0|
    |level_addr_reg_595    |   7|   0|    7|          0|
    |n_1_reg_619           |   9|   0|    9|          0|
    |n_reg_206             |   9|   0|    9|          0|
    |tmp_end_reg_656       |  64|   0|   64|          0|
    |trunc_ln25_reg_624    |   1|   0|    1|          0|
    |trunc_ln30_reg_677    |   1|   0|    1|          0|
    |zext_ln25_reg_630     |   7|   0|   64|         57|
    +----------------------+----+----+-----+-----------+
    |Total                 | 571|   0|  628|         57|
    +----------------------+----+----+-----+-----------+



================================================================
== Interface
================================================================
* Summary: 
+-----------------------+-----+-----+------------+---------------+--------------+
|       RTL Ports       | Dir | Bits|  Protocol  | Source Object |    C Type    |
+-----------------------+-----+-----+------------+---------------+--------------+
|ap_clk                 |   in|    1|  ap_ctrl_hs|            bfs|  return value|
|ap_rst                 |   in|    1|  ap_ctrl_hs|            bfs|  return value|
|ap_start               |   in|    1|  ap_ctrl_hs|            bfs|  return value|
|ap_done                |  out|    1|  ap_ctrl_hs|            bfs|  return value|
|ap_idle                |  out|    1|  ap_ctrl_hs|            bfs|  return value|
|ap_ready               |  out|    1|  ap_ctrl_hs|            bfs|  return value|
|nodes_address0         |  out|    7|   ap_memory|          nodes|         array|
|nodes_ce0              |  out|    1|   ap_memory|          nodes|         array|
|nodes_q0               |   in|  256|   ap_memory|          nodes|         array|
|edges_0_address0       |  out|   11|   ap_memory|        edges_0|         array|
|edges_0_ce0            |  out|    1|   ap_memory|        edges_0|         array|
|edges_0_q0             |   in|   64|   ap_memory|        edges_0|         array|
|edges_1_address0       |  out|   11|   ap_memory|        edges_1|         array|
|edges_1_ce0            |  out|    1|   ap_memory|        edges_1|         array|
|edges_1_q0             |   in|   64|   ap_memory|        edges_1|         array|
|starting_node          |   in|   64|     ap_none|  starting_node|        scalar|
|level_address0         |  out|    7|   ap_memory|          level|         array|
|level_ce0              |  out|    1|   ap_memory|          level|         array|
|level_we0              |  out|    1|   ap_memory|          level|         array|
|level_d0               |  out|   16|   ap_memory|          level|         array|
|level_q0               |   in|   16|   ap_memory|          level|         array|
|level_counts_address0  |  out|    4|   ap_memory|   level_counts|         array|
|level_counts_ce0       |  out|    1|   ap_memory|   level_counts|         array|
|level_counts_we0       |  out|    1|   ap_memory|   level_counts|         array|
|level_counts_d0        |  out|   64|   ap_memory|   level_counts|         array|
+-----------------------+-----+-----+------------+---------------+--------------+

