

================================================================
== Vitis HLS Report for 'bfs'
================================================================
* Date:           Mon Mar 10 00:18:43 2025

* Version:        2022.1 (Build 3526262 on Mon Apr 18 15:47:01 MDT 2022)
* Project:        bfs_random_prj_p1
* Solution:       solution (Vivado IP Flow Target)
* Product family: virtex7
* Target device:  xc7vx485t-ffg1761-2


================================================================
== Performance Estimates
================================================================
+ Timing: 
    * Summary: 
    +--------+----------+----------+------------+
    |  Clock |  Target  | Estimated| Uncertainty|
    +--------+----------+----------+------------+
    |ap_clk  |  10.00 ns|  6.539 ns|     2.70 ns|
    +--------+----------+----------+------------+

+ Latency: 
    * Summary: 
    +---------+---------+----------+----------+-----+-----+---------+
    |  Latency (cycles) |  Latency (absolute) |  Interval | Pipeline|
    |   min   |   max   |    min   |    max   | min | max |   Type  |
    +---------+---------+----------+----------+-----+-----+---------+
    |        ?|        ?|         ?|         ?|    ?|    ?|       no|
    +---------+---------+----------+----------+-----+-----+---------+

    + Detail: 
        * Instance: 
        +-----------------------------------------+------------------------------+---------+---------+----------+----------+-----+-----+---------+
        |                                         |                              |  Latency (cycles) |  Latency (absolute) |  Interval | Pipeline|
        |                 Instance                |            Module            |   min   |   max   |    min   |    max   | min | max |   Type  |
        +-----------------------------------------+------------------------------+---------+---------+----------+----------+-----+-----+---------+
        |grp_bfs_Pipeline_loop_neighbors_fu_280   |bfs_Pipeline_loop_neighbors   |        ?|        ?|         ?|         ?|    ?|    ?|       no|
        |grp_bfs_Pipeline_loop_neighbors1_fu_294  |bfs_Pipeline_loop_neighbors1  |        ?|        ?|         ?|         ?|    ?|    ?|       no|
        +-----------------------------------------+------------------------------+---------+---------+----------+----------+-----+-----+---------+

        * Loop: 
        +-----------------+---------+---------+----------+-----------+-----------+-------+----------+
        |                 |  Latency (cycles) | Iteration|  Initiation Interval  |  Trip |          |
        |    Loop Name    |   min   |   max   |  Latency |  achieved |   target  | Count | Pipelined|
        +-----------------+---------+---------+----------+-----------+-----------+-------+----------+
        |- loop_horizons  |        ?|        ?|         ?|          -|          -|  1 ~ 5|        no|
        | + loop_nodes    |        ?|        ?|         ?|          -|          -|    256|        no|
        | + loop_nodes    |        ?|        ?|         ?|          -|          -|    256|        no|
        +-----------------+---------+---------+----------+-----------+-----------+-------+----------+



================================================================
== Utilization Estimates
================================================================
* Summary: 
+-----------------+---------+------+--------+--------+-----+
|       Name      | BRAM_18K|  DSP |   FF   |   LUT  | URAM|
+-----------------+---------+------+--------+--------+-----+
|DSP              |        -|     -|       -|       -|    -|
|Expression       |        -|     -|       0|    2815|    -|
|FIFO             |        -|     -|       -|       -|    -|
|Instance         |        -|     0|     528|     914|    -|
|Memory           |        -|     -|       -|       -|    -|
|Multiplexer      |        -|     -|       -|     381|    -|
|Register         |        -|     -|     551|       -|    -|
+-----------------+---------+------+--------+--------+-----+
|Total            |        0|     0|    1079|    4110|    0|
+-----------------+---------+------+--------+--------+-----+
|Available        |     2060|  2800|  607200|  303600|    0|
+-----------------+---------+------+--------+--------+-----+
|Utilization (%)  |        0|     0|      ~0|       1|    0|
+-----------------+---------+------+--------+--------+-----+

+ Detail: 
    * Instance: 
    +-----------------------------------------+------------------------------+---------+----+-----+-----+-----+
    |                 Instance                |            Module            | BRAM_18K| DSP|  FF | LUT | URAM|
    +-----------------------------------------+------------------------------+---------+----+-----+-----+-----+
    |grp_bfs_Pipeline_loop_neighbors_fu_280   |bfs_Pipeline_loop_neighbors   |        0|   0|  206|  408|    0|
    |grp_bfs_Pipeline_loop_neighbors1_fu_294  |bfs_Pipeline_loop_neighbors1  |        0|   0|  206|  408|    0|
    |mul_4ns_6ns_9_1_1_U16                    |mul_4ns_6ns_9_1_1             |        0|   0|    0|   26|    0|
    |mul_4ns_6ns_9_1_1_U18                    |mul_4ns_6ns_9_1_1             |        0|   0|    0|   26|    0|
    |urem_4ns_4ns_4_8_seq_1_U15               |urem_4ns_4ns_4_8_seq_1        |        0|   0|   58|   23|    0|
    |urem_4ns_4ns_4_8_seq_1_U17               |urem_4ns_4ns_4_8_seq_1        |        0|   0|   58|   23|    0|
    +-----------------------------------------+------------------------------+---------+----+-----+-----+-----+
    |Total                                    |                              |        0|   0|  528|  914|    0|
    +-----------------------------------------+------------------------------+---------+----+-----+-----+-----+

    * DSP: 
    N/A

    * Memory: 
    N/A

    * FIFO: 
    N/A

    * Expression: 
    +-----------------------+----------+----+---+-----+------------+------------+
    |     Variable Name     | Operation| DSP| FF| LUT | Bitwidth P0| Bitwidth P1|
    +-----------------------+----------+----+---+-----+------------+------------+
    |add_ln21_fu_568_p2     |         +|   0|  0|   13|           4|           2|
    |n_2_fu_420_p2          |         +|   0|  0|   16|           9|           1|
    |n_3_fu_579_p2          |         +|   0|  0|   16|           9|           1|
    |and_ln18_fu_371_p2     |       and|   0|  0|   16|          16|          16|
    |and_ln39_1_fu_699_p2   |       and|   0|  0|  128|         128|         128|
    |and_ln39_fu_539_p2     |       and|   0|  0|  128|         128|         128|
    |icmp_ln21_fu_394_p2    |      icmp|   0|  0|    9|           4|           4|
    |icmp_ln24_1_fu_573_p2  |      icmp|   0|  0|   11|           9|          10|
    |icmp_ln24_fu_414_p2    |      icmp|   0|  0|   11|           9|          10|
    |icmp_ln25_1_fu_634_p2  |      icmp|   0|  0|   11|           8|           8|
    |icmp_ln25_fu_475_p2    |      icmp|   0|  0|   11|           8|           8|
    |icmp_ln28_1_fu_644_p2  |      icmp|   0|  0|   29|          64|          64|
    |icmp_ln28_fu_485_p2    |      icmp|   0|  0|   29|          64|          64|
    |icmp_ln39_1_fu_722_p2  |      icmp|   0|  0|   29|          64|           1|
    |icmp_ln39_fu_562_p2    |      icmp|   0|  0|   29|          64|           1|
    |lshr_ln25_1_fu_624_p2  |      lshr|   0|  0|   35|          16|          16|
    |lshr_ln25_fu_465_p2    |      lshr|   0|  0|   35|          16|          16|
    |conv20_fu_404_p2       |        or|   0|  0|    4|           4|           1|
    |or_ln39_1_fu_715_p2    |        or|   0|  0|  128|         128|         128|
    |or_ln39_fu_555_p2      |        or|   0|  0|  128|         128|         128|
    |shl_ln18_fu_359_p2     |       shl|   0|  0|   35|           8|          16|
    |shl_ln39_1_fu_549_p2   |       shl|   0|  0|  423|         128|         128|
    |shl_ln39_2_fu_687_p2   |       shl|   0|  0|  423|          64|         128|
    |shl_ln39_3_fu_709_p2   |       shl|   0|  0|  423|         128|         128|
    |shl_ln39_fu_527_p2     |       shl|   0|  0|  423|          64|         128|
    |xor_ln18_fu_365_p2     |       xor|   0|  0|   16|          16|           2|
    |xor_ln39_1_fu_693_p2   |       xor|   0|  0|  128|         128|           2|
    |xor_ln39_fu_533_p2     |       xor|   0|  0|  128|         128|           2|
    +-----------------------+----------+----+---+-----+------------+------------+
    |Total                  |          |   0|  0| 2815|        1544|        1269|
    +-----------------------+----------+----+---+-----+------------+------------+

    * Multiplexer: 
    +-----------------------+-----+-----------+-----+-----------+
    |          Name         | LUT | Input Size| Bits| Total Bits|
    +-----------------------+-----+-----------+-----+-----------+
    |ap_NS_fsm              |  153|         32|    1|         32|
    |cnt_1_reg_241          |    9|          2|   64|        128|
    |cnt_3_reg_226          |    9|          2|   64|        128|
    |cnt_5_reg_265          |    9|          2|   64|        128|
    |cnt_reg_202            |    9|          2|   64|        128|
    |edges_address0         |   13|          3|   12|         36|
    |edges_ce0              |   13|          3|    1|          3|
    |horizon_fu_104         |    9|          2|    4|          8|
    |level_address0         |   29|          7|    7|         49|
    |level_ce0              |   17|          4|    1|          4|
    |level_counts_address0  |   29|          7|    3|         21|
    |level_counts_d0        |   17|          4|  128|        512|
    |level_d0               |   17|          4|   16|         64|
    |level_we0              |   17|          4|    1|          4|
    |n_1_reg_253            |    9|          2|    9|         18|
    |n_reg_214              |    9|          2|    9|         18|
    |nodes_address0         |   13|          3|    8|         24|
    +-----------------------+-----+-----------+-----+-----------+
    |Total                  |  381|         85|  456|       1305|
    +-----------------------+-----+-----------+-----+-----------+

    * Register: 
    +------------------------------------------------------+----+----+-----+-----------+
    |                         Name                         | FF | LUT| Bits| Const Bits|
    +------------------------------------------------------+----+----+-----+-----------+
    |add_ln21_reg_836                                      |   4|   0|    4|          0|
    |ap_CS_fsm                                             |  31|   0|   31|          0|
    |cnt_1_reg_241                                         |  64|   0|   64|          0|
    |cnt_3_reg_226                                         |  64|   0|   64|          0|
    |cnt_5_reg_265                                         |  64|   0|   64|          0|
    |cnt_reg_202                                           |  64|   0|   64|          0|
    |conv20_reg_778                                        |   3|   0|    4|          1|
    |grp_bfs_Pipeline_loop_neighbors1_fu_294_ap_start_reg  |   1|   0|    1|          0|
    |grp_bfs_Pipeline_loop_neighbors_fu_280_ap_start_reg   |   1|   0|    1|          0|
    |horizon_fu_104                                        |   4|   0|    4|          0|
    |icmp_ln21_reg_769                                     |   1|   0|    1|          0|
    |icmp_ln39_reg_832                                     |   1|   0|    1|          0|
    |level_addr_reg_756                                    |   7|   0|    7|          0|
    |level_counts_addr_1_reg_827                           |   3|   0|    3|          0|
    |level_counts_addr_2_reg_876                           |   3|   0|    3|          0|
    |n_1_reg_253                                           |   9|   0|    9|          0|
    |n_2_reg_793                                           |   9|   0|    9|          0|
    |n_3_reg_847                                           |   9|   0|    9|          0|
    |n_reg_214                                             |   9|   0|    9|          0|
    |reg_320                                               |  64|   0|   64|          0|
    |tmp_8_reg_822                                         |   1|   0|    1|          0|
    |tmp_begin_1_reg_865                                   |  64|   0|   64|          0|
    |tmp_begin_reg_811                                     |  64|   0|   64|          0|
    |zext_ln21_reg_773                                     |   4|   0|    8|          4|
    |zext_ln24_reg_785                                     |   3|   0|    8|          5|
    +------------------------------------------------------+----+----+-----+-----------+
    |Total                                                 | 551|   0|  561|         10|
    +------------------------------------------------------+----+----+-----+-----------+



================================================================
== Interface
================================================================
* Summary: 
+-----------------------+-----+-----+------------+---------------+--------------+
|       RTL Ports       | Dir | Bits|  Protocol  | Source Object |    C Type    |
+-----------------------+-----+-----+------------+---------------+--------------+
|ap_clk                 |   in|    1|  ap_ctrl_hs|            bfs|  return value|
|ap_rst                 |   in|    1|  ap_ctrl_hs|            bfs|  return value|
|ap_start               |   in|    1|  ap_ctrl_hs|            bfs|  return value|
|ap_done                |  out|    1|  ap_ctrl_hs|            bfs|  return value|
|ap_idle                |  out|    1|  ap_ctrl_hs|            bfs|  return value|
|ap_ready               |  out|    1|  ap_ctrl_hs|            bfs|  return value|
|nodes_address0         |  out|    8|   ap_memory|          nodes|         array|
|nodes_ce0              |  out|    1|   ap_memory|          nodes|         array|
|nodes_q0               |   in|  128|   ap_memory|          nodes|         array|
|edges_address0         |  out|   12|   ap_memory|          edges|         array|
|edges_ce0              |  out|    1|   ap_memory|          edges|         array|
|edges_q0               |   in|   64|   ap_memory|          edges|         array|
|starting_node          |   in|   64|     ap_none|  starting_node|        scalar|
|level_address0         |  out|    7|   ap_memory|          level|         array|
|level_ce0              |  out|    1|   ap_memory|          level|         array|
|level_we0              |  out|    1|   ap_memory|          level|         array|
|level_d0               |  out|   16|   ap_memory|          level|         array|
|level_q0               |   in|   16|   ap_memory|          level|         array|
|level_counts_address0  |  out|    3|   ap_memory|   level_counts|         array|
|level_counts_ce0       |  out|    1|   ap_memory|   level_counts|         array|
|level_counts_we0       |  out|    1|   ap_memory|   level_counts|         array|
|level_counts_d0        |  out|  128|   ap_memory|   level_counts|         array|
|level_counts_q0        |   in|  128|   ap_memory|   level_counts|         array|
+-----------------------+-----+-----+------------+---------------+--------------+

