

================================================================
== Vitis HLS Report for 'bfs'
================================================================
* Date:           Mon Mar 10 00:15:12 2025

* Version:        2022.1 (Build 3526262 on Mon Apr 18 15:47:01 MDT 2022)
* Project:        bfs_random_prj_p1
* Solution:       solution (Vivado IP Flow Target)
* Product family: virtex7
* Target device:  xc7vx485t-ffg1761-2


================================================================
== Performance Estimates
================================================================
+ Timing: 
    * Summary: 
    +--------+----------+----------+------------+
    |  Clock |  Target  | Estimated| Uncertainty|
    +--------+----------+----------+------------+
    |ap_clk  |  10.00 ns|  6.904 ns|     2.70 ns|
    +--------+----------+----------+------------+

+ Latency: 
    * Summary: 
    +---------+---------+----------+----------+-----+-----+---------+
    |  Latency (cycles) |  Latency (absolute) |  Interval | Pipeline|
    |   min   |   max   |    min   |    max   | min | max |   Type  |
    +---------+---------+----------+----------+-----+-----+---------+
    |        ?|        ?|         ?|         ?|    ?|    ?|       no|
    +---------+---------+----------+----------+-----+-----+---------+

    + Detail: 
        * Instance: 
        N/A

        * Loop: 
        +---------------------+---------+---------+----------+-----------+-----------+-------+----------+
        |                     |  Latency (cycles) | Iteration|  Initiation Interval  |  Trip |          |
        |      Loop Name      |   min   |   max   |  Latency |  achieved |   target  | Count | Pipelined|
        +---------------------+---------+---------+----------+-----------+-----------+-------+----------+
        |- loop_horizons      |        ?|        ?|         ?|          -|          -|  1 ~ 5|        no|
        | + loop_nodes        |        ?|        ?|         ?|          -|          -|    128|        no|
        |  ++ loop_neighbors  |        ?|        ?|         4|          -|          -|      ?|        no|
        |  ++ loop_neighbors  |        ?|        ?|         4|          -|          -|      ?|        no|
        | + loop_nodes        |        ?|        ?|         ?|          -|          -|    128|        no|
        |  ++ loop_neighbors  |        ?|        ?|         4|          -|          -|      ?|        no|
        |  ++ loop_neighbors  |        ?|        ?|         3|          -|          -|      ?|        no|
        +---------------------+---------+---------+----------+-----------+-----------+-------+----------+



================================================================
== Utilization Estimates
================================================================
* Summary: 
+-----------------+---------+------+--------+--------+-----+
|       Name      | BRAM_18K|  DSP |   FF   |   LUT  | URAM|
+-----------------+---------+------+--------+--------+-----+
|DSP              |        -|     -|       -|       -|    -|
|Expression       |        -|     -|       0|    7548|    -|
|FIFO             |        -|     -|       -|       -|    -|
|Instance         |        -|     0|     116|      98|    -|
|Memory           |        -|     -|       -|       -|    -|
|Multiplexer      |        -|     -|       -|     602|    -|
|Register         |        -|     -|    1694|       -|    -|
+-----------------+---------+------+--------+--------+-----+
|Total            |        0|     0|    1810|    8248|    0|
+-----------------+---------+------+--------+--------+-----+
|Available        |     2060|  2800|  607200|  303600|    0|
+-----------------+---------+------+--------+--------+-----+
|Utilization (%)  |        0|     0|      ~0|       2|    0|
+-----------------+---------+------+--------+--------+-----+

+ Detail: 
    * Instance: 
    +---------------------------+------------------------+---------+----+----+----+-----+
    |          Instance         |         Module         | BRAM_18K| DSP| FF | LUT| URAM|
    +---------------------------+------------------------+---------+----+----+----+-----+
    |mul_4ns_6ns_9_1_1_U1       |mul_4ns_6ns_9_1_1       |        0|   0|   0|  26|    0|
    |mul_4ns_6ns_9_1_1_U4       |mul_4ns_6ns_9_1_1       |        0|   0|   0|  26|    0|
    |urem_4ns_4ns_4_8_seq_1_U2  |urem_4ns_4ns_4_8_seq_1  |        0|   0|  58|  23|    0|
    |urem_4ns_4ns_4_8_seq_1_U3  |urem_4ns_4ns_4_8_seq_1  |        0|   0|  58|  23|    0|
    +---------------------------+------------------------+---------+----+----+----+-----+
    |Total                      |                        |        0|   0| 116|  98|    0|
    +---------------------------+------------------------+---------+----+----+----+-----+

    * DSP: 
    N/A

    * Memory: 
    N/A

    * FIFO: 
    N/A

    * Expression: 
    +------------------------+----------+----+---+-----+------------+------------+
    |      Variable Name     | Operation| DSP| FF| LUT | Bitwidth P0| Bitwidth P1|
    +------------------------+----------+----+---+-----+------------+------------+
    |add_ln21_fu_987_p2      |         +|   0|  0|   13|           4|           2|
    |cnt_18_fu_797_p2        |         +|   0|  0|   71|          64|           1|
    |cnt_19_fu_1089_p2       |         +|   0|  0|   71|          64|           1|
    |cnt_20_fu_865_p2        |         +|   0|  0|   71|          64|           1|
    |cnt_21_fu_1157_p2       |         +|   0|  0|   71|          64|           1|
    |e_13_fu_1164_p2         |         +|   0|  0|   71|          64|           1|
    |e_2_fu_803_p2           |         +|   0|  0|   71|          64|           1|
    |e_8_fu_1095_p2          |         +|   0|  0|   71|          64|           1|
    |e_9_fu_871_p2           |         +|   0|  0|   71|          64|           1|
    |n_8_fu_828_p2           |         +|   0|  0|   16|           9|           2|
    |n_9_fu_1120_p2          |         +|   0|  0|   16|           9|           2|
    |and_ln39_1_fu_920_p2    |       and|   0|  0|  128|         128|         128|
    |and_ln39_2_fu_1268_p2   |       and|   0|  0|  128|         128|         128|
    |and_ln39_3_fu_1230_p2   |       and|   0|  0|  128|         128|         128|
    |and_ln39_fu_958_p2      |       and|   0|  0|  128|         128|         128|
    |grp_fu_574_p2           |      icmp|   0|  0|   11|           8|           8|
    |grp_fu_599_p2           |      icmp|   0|  0|   11|           8|           7|
    |grp_fu_625_p2           |      icmp|   0|  0|   29|          64|          64|
    |grp_fu_631_p2           |      icmp|   0|  0|   11|           8|           8|
    |icmp_ln21_fu_671_p2     |      icmp|   0|  0|    9|           4|           4|
    |icmp_ln28_1_fu_737_p2   |      icmp|   0|  0|   29|          64|          64|
    |icmp_ln28_3_fu_1023_p2  |      icmp|   0|  0|   29|          64|          64|
    |icmp_ln28_4_fu_814_p2   |      icmp|   0|  0|   29|          64|          64|
    |icmp_ln28_5_fu_1029_p2  |      icmp|   0|  0|   29|          64|          64|
    |icmp_ln28_7_fu_1106_p2  |      icmp|   0|  0|   29|          64|          64|
    |icmp_ln28_fu_731_p2     |      icmp|   0|  0|   29|          64|          64|
    |icmp_ln39_1_fu_1291_p2  |      icmp|   0|  0|   29|          64|           1|
    |icmp_ln39_fu_981_p2     |      icmp|   0|  0|   29|          64|           1|
    |lshr_ln29_1_fu_1078_p2  |      lshr|   0|  0|  423|         128|         128|
    |lshr_ln29_2_fu_854_p2   |      lshr|   0|  0|  423|         128|         128|
    |lshr_ln29_3_fu_1146_p2  |      lshr|   0|  0|  423|         128|         128|
    |lshr_ln29_fu_786_p2     |      lshr|   0|  0|  423|         128|         128|
    |conv20_fu_677_p2        |        or|   0|  0|    4|           4|           1|
    |n_6_fu_755_p2           |        or|   0|  0|    8|           8|           1|
    |n_7_fu_1047_p2          |        or|   0|  0|    8|           8|           1|
    |or_ln39_1_fu_936_p2     |        or|   0|  0|  128|         128|         128|
    |or_ln39_2_fu_1284_p2    |        or|   0|  0|  128|         128|         128|
    |or_ln39_3_fu_1246_p2    |        or|   0|  0|  128|         128|         128|
    |or_ln39_fu_974_p2       |        or|   0|  0|  128|         128|         128|
    |shl_ln39_2_fu_968_p2    |       shl|   0|  0|  423|         128|         128|
    |shl_ln39_3_fu_908_p2    |       shl|   0|  0|  423|          64|         128|
    |shl_ln39_4_fu_930_p2    |       shl|   0|  0|  423|         128|         128|
    |shl_ln39_5_fu_1256_p2   |       shl|   0|  0|  423|          64|         128|
    |shl_ln39_6_fu_1278_p2   |       shl|   0|  0|  423|         128|         128|
    |shl_ln39_7_fu_1218_p2   |       shl|   0|  0|  423|          64|         128|
    |shl_ln39_8_fu_1240_p2   |       shl|   0|  0|  423|         128|         128|
    |shl_ln39_fu_946_p2      |       shl|   0|  0|  423|          64|         128|
    |xor_ln39_1_fu_914_p2    |       xor|   0|  0|  128|         128|           2|
    |xor_ln39_2_fu_1262_p2   |       xor|   0|  0|  128|         128|           2|
    |xor_ln39_3_fu_1224_p2   |       xor|   0|  0|  128|         128|           2|
    |xor_ln39_fu_952_p2      |       xor|   0|  0|  128|         128|           2|
    +------------------------+----------+----+---+-----+------------+------------+
    |Total                   |          |   0|  0| 7548|        3974|        3062|
    +------------------------+----------+----+---+-----+------------+------------+

    * Multiplexer: 
    +---------------------------------+-----+-----------+-----+-----------+
    |               Name              | LUT | Input Size| Bits| Total Bits|
    +---------------------------------+-----+-----------+-----+-----------+
    |ap_NS_fsm                        |  205|         47|    1|         47|
    |ap_phi_mux_cnt_17_phi_fu_550_p4  |   13|          3|   64|        192|
    |cnt_10_reg_425                   |    9|          2|   64|        128|
    |cnt_11_reg_510                   |    9|          2|   64|        128|
    |cnt_13_reg_498                   |    9|          2|   64|        128|
    |cnt_14_reg_525                   |    9|          2|   64|        128|
    |cnt_15_reg_558                   |   13|          3|   64|        192|
    |cnt_1_reg_356                    |    9|          2|   64|        128|
    |cnt_2_reg_377                    |    9|          2|   64|        128|
    |cnt_3_reg_389                    |    9|          2|   64|        128|
    |cnt_5_reg_453                    |    9|          2|   64|        128|
    |cnt_6_reg_404                    |    9|          2|   64|        128|
    |cnt_7_reg_477                    |    9|          2|   64|        128|
    |cnt_8_reg_437                    |   13|          3|   64|        192|
    |cnt_reg_332                      |    9|          2|   64|        128|
    |e_10_reg_536                     |    9|          2|   64|        128|
    |e_1_reg_367                      |    9|          2|   64|        128|
    |e_5_reg_415                      |    9|          2|   64|        128|
    |e_6_reg_488                      |    9|          2|   64|        128|
    |edges_address0                   |   21|          5|   11|         55|
    |horizon_fu_118                   |    9|          2|    4|          8|
    |level_address0                   |   57|         14|    8|        112|
    |level_counts_0_address0          |   29|          7|    2|         14|
    |level_counts_0_d0                |   17|          4|  128|        512|
    |level_counts_1_address0          |   21|          5|    2|         10|
    |level_counts_1_d0                |   13|          3|  128|        384|
    |level_d0                         |   17|          4|    8|         32|
    |n_2_reg_465                      |    9|          2|    9|         18|
    |n_reg_344                        |    9|          2|    9|         18|
    |nodes_address0                   |   21|          5|    7|         35|
    +---------------------------------+-----+-----------+-----+-----------+
    |Total                            |  602|        139| 1469|       3741|
    +---------------------------------+-----+-----------+-----+-----------+

    * Register: 
    +--------------------------------+----+----+-----+-----------+
    |              Name              | FF | LUT| Bits| Const Bits|
    +--------------------------------+----+----+-----+-----------+
    |add_ln21_reg_1477               |   4|   0|    4|          0|
    |ap_CS_fsm                       |  46|   0|   46|          0|
    |cnt_10_reg_425                  |  64|   0|   64|          0|
    |cnt_11_reg_510                  |  64|   0|   64|          0|
    |cnt_13_reg_498                  |  64|   0|   64|          0|
    |cnt_14_reg_525                  |  64|   0|   64|          0|
    |cnt_15_reg_558                  |  64|   0|   64|          0|
    |cnt_1_reg_356                   |  64|   0|   64|          0|
    |cnt_2_reg_377                   |  64|   0|   64|          0|
    |cnt_3_reg_389                   |  64|   0|   64|          0|
    |cnt_5_reg_453                   |  64|   0|   64|          0|
    |cnt_6_reg_404                   |  64|   0|   64|          0|
    |cnt_7_reg_477                   |  64|   0|   64|          0|
    |cnt_8_reg_437                   |  64|   0|   64|          0|
    |cnt_reg_332                     |  64|   0|   64|          0|
    |conv20_reg_1325                 |   3|   0|    4|          1|
    |e_10_reg_536                    |  64|   0|   64|          0|
    |e_1_reg_367                     |  64|   0|   64|          0|
    |e_2_reg_1398                    |  64|   0|   64|          0|
    |e_5_reg_415                     |  64|   0|   64|          0|
    |e_6_reg_488                     |  64|   0|   64|          0|
    |e_8_reg_1546                    |  64|   0|   64|          0|
    |e_9_reg_1452                    |  64|   0|   64|          0|
    |horizon_fu_118                  |   4|   0|    4|          0|
    |icmp_ln21_reg_1321              |   1|   0|    1|          0|
    |icmp_ln25_1_reg_1403            |   1|   0|    1|          0|
    |icmp_ln25_2_reg_1497            |   1|   0|    1|          0|
    |icmp_ln25_3_reg_1551            |   1|   0|    1|          0|
    |icmp_ln25_reg_1349              |   1|   0|    1|          0|
    |icmp_ln28_2_reg_1422            |   1|   0|    1|          0|
    |icmp_ln28_3_reg_1516            |   1|   0|    1|          0|
    |icmp_ln28_6_reg_1570            |   1|   0|    1|          0|
    |icmp_ln28_reg_1368              |   1|   0|    1|          0|
    |icmp_ln39_reg_1473              |   1|   0|    1|          0|
    |level_addr_2_reg_1385           |   8|   0|    8|          0|
    |level_addr_5_reg_1439           |   8|   0|    8|          0|
    |level_addr_6_reg_1533           |   8|   0|    8|          0|
    |level_addr_8_reg_1587           |   8|   0|    8|          0|
    |level_counts_0_addr_1_reg_1463  |   2|   0|    2|          0|
    |level_counts_0_addr_2_reg_1610  |   2|   0|    2|          0|
    |level_counts_1_addr_1_reg_1615  |   2|   0|    2|          0|
    |level_counts_1_addr_reg_1468    |   2|   0|    2|          0|
    |n_2_reg_465                     |   9|   0|    9|          0|
    |n_8_reg_1434                    |   9|   0|    9|          0|
    |n_9_reg_1582                    |   9|   0|    9|          0|
    |n_reg_344                       |   9|   0|    9|          0|
    |shl_ln39_1_reg_1600             |   1|   0|    7|          6|
    |shl_ln_reg_1457                 |   1|   0|    7|          6|
    |tmp_2_reg_1345                  |   1|   0|    1|          0|
    |tmp_6_reg_1606                  |   1|   0|    1|          0|
    |tmp_end_1_reg_1511              |  64|   0|   64|          0|
    |tmp_end_2_reg_1417              |  64|   0|   64|          0|
    |tmp_end_3_reg_1565              |  64|   0|   64|          0|
    |tmp_end_reg_1363                |  64|   0|   64|          0|
    |zext_ln21_reg_1316              |   4|   0|    8|          4|
    |zext_ln24_2_reg_1484            |   4|   0|    8|          4|
    |zext_ln24_reg_1331              |   3|   0|    8|          5|
    +--------------------------------+----+----+-----+-----------+
    |Total                           |1694|   0| 1720|         26|
    +--------------------------------+----+----+-----+-----------+



================================================================
== Interface
================================================================
* Summary: 
+-------------------------+-----+-----+------------+----------------+--------------+
|        RTL Ports        | Dir | Bits|  Protocol  |  Source Object |    C Type    |
+-------------------------+-----+-----+------------+----------------+--------------+
|ap_clk                   |   in|    1|  ap_ctrl_hs|             bfs|  return value|
|ap_rst                   |   in|    1|  ap_ctrl_hs|             bfs|  return value|
|ap_start                 |   in|    1|  ap_ctrl_hs|             bfs|  return value|
|ap_done                  |  out|    1|  ap_ctrl_hs|             bfs|  return value|
|ap_idle                  |  out|    1|  ap_ctrl_hs|             bfs|  return value|
|ap_ready                 |  out|    1|  ap_ctrl_hs|             bfs|  return value|
|nodes_address0           |  out|    7|   ap_memory|           nodes|         array|
|nodes_ce0                |  out|    1|   ap_memory|           nodes|         array|
|nodes_q0                 |   in|  256|   ap_memory|           nodes|         array|
|edges_address0           |  out|   11|   ap_memory|           edges|         array|
|edges_ce0                |  out|    1|   ap_memory|           edges|         array|
|edges_q0                 |   in|  128|   ap_memory|           edges|         array|
|starting_node            |   in|   64|     ap_none|   starting_node|        scalar|
|level_address0           |  out|    8|   ap_memory|           level|         array|
|level_ce0                |  out|    1|   ap_memory|           level|         array|
|level_we0                |  out|    1|   ap_memory|           level|         array|
|level_d0                 |  out|    8|   ap_memory|           level|         array|
|level_q0                 |   in|    8|   ap_memory|           level|         array|
|level_counts_0_address0  |  out|    2|   ap_memory|  level_counts_0|         array|
|level_counts_0_ce0       |  out|    1|   ap_memory|  level_counts_0|         array|
|level_counts_0_we0       |  out|    1|   ap_memory|  level_counts_0|         array|
|level_counts_0_d0        |  out|  128|   ap_memory|  level_counts_0|         array|
|level_counts_0_q0        |   in|  128|   ap_memory|  level_counts_0|         array|
|level_counts_1_address0  |  out|    2|   ap_memory|  level_counts_1|         array|
|level_counts_1_ce0       |  out|    1|   ap_memory|  level_counts_1|         array|
|level_counts_1_we0       |  out|    1|   ap_memory|  level_counts_1|         array|
|level_counts_1_d0        |  out|  128|   ap_memory|  level_counts_1|         array|
|level_counts_1_q0        |   in|  128|   ap_memory|  level_counts_1|         array|
+-------------------------+-----+-----+------------+----------------+--------------+

