

================================================================
== Vitis HLS Report for 'bfs'
================================================================
* Date:           Mon Mar 10 00:14:02 2025

* Version:        2022.1 (Build 3526262 on Mon Apr 18 15:47:01 MDT 2022)
* Project:        bfs_random_prj_p1
* Solution:       solution (Vivado IP Flow Target)
* Product family: virtex7
* Target device:  xc7vx485t-ffg1761-2


================================================================
== Performance Estimates
================================================================
+ Timing: 
    * Summary: 
    +--------+----------+----------+------------+
    |  Clock |  Target  | Estimated| Uncertainty|
    +--------+----------+----------+------------+
    |ap_clk  |  10.00 ns|  6.904 ns|     2.70 ns|
    +--------+----------+----------+------------+

+ Latency: 
    * Summary: 
    +---------+---------+----------+----------+-----+-----+---------+
    |  Latency (cycles) |  Latency (absolute) |  Interval | Pipeline|
    |   min   |   max   |    min   |    max   | min | max |   Type  |
    +---------+---------+----------+----------+-----+-----+---------+
    |        ?|        ?|         ?|         ?|    ?|    ?|       no|
    +---------+---------+----------+----------+-----+-----+---------+

    + Detail: 
        * Instance: 
        N/A

        * Loop: 
        +---------------------+---------+---------+----------+-----------+-----------+-------+----------+
        |                     |  Latency (cycles) | Iteration|  Initiation Interval  |  Trip |          |
        |      Loop Name      |   min   |   max   |  Latency |  achieved |   target  | Count | Pipelined|
        +---------------------+---------+---------+----------+-----------+-----------+-------+----------+
        |- loop_horizons      |        ?|        ?|         ?|          -|          -|  1 ~ 5|        no|
        | + loop_nodes        |        ?|        ?|         ?|          -|          -|    128|        no|
        |  ++ loop_neighbors  |        ?|        ?|         5|          -|          -|      ?|        no|
        |  ++ loop_neighbors  |        ?|        ?|         5|          -|          -|      ?|        no|
        | + loop_nodes        |        ?|        ?|         ?|          -|          -|    128|        no|
        |  ++ loop_neighbors  |        ?|        ?|         5|          -|          -|      ?|        no|
        |  ++ loop_neighbors  |        ?|        ?|         4|          -|          -|      ?|        no|
        +---------------------+---------+---------+----------+-----------+-----------+-------+----------+



================================================================
== Utilization Estimates
================================================================
* Summary: 
+-----------------+---------+------+--------+--------+-----+
|       Name      | BRAM_18K|  DSP |   FF   |   LUT  | URAM|
+-----------------+---------+------+--------+--------+-----+
|DSP              |        -|     -|       -|       -|    -|
|Expression       |        -|     -|       0|    7664|    -|
|FIFO             |        -|     -|       -|       -|    -|
|Instance         |        -|     -|       0|      72|    -|
|Memory           |        -|     -|       -|       -|    -|
|Multiplexer      |        -|     -|       -|     621|    -|
|Register         |        -|     -|    2681|       -|    -|
+-----------------+---------+------+--------+--------+-----+
|Total            |        0|     0|    2681|    8357|    0|
+-----------------+---------+------+--------+--------+-----+
|Available        |     2060|  2800|  607200|  303600|    0|
+-----------------+---------+------+--------+--------+-----+
|Utilization (%)  |        0|     0|      ~0|       2|    0|
+-----------------+---------+------+--------+--------+-----+

+ Detail: 
    * Instance: 
    +------------------+---------------+---------+----+---+----+-----+
    |     Instance     |     Module    | BRAM_18K| DSP| FF| LUT| URAM|
    +------------------+---------------+---------+----+---+----+-----+
    |mux_21_8_1_1_U1   |mux_21_8_1_1   |        0|   0|  0|   9|    0|
    |mux_21_8_1_1_U3   |mux_21_8_1_1   |        0|   0|  0|   9|    0|
    |mux_21_8_1_1_U5   |mux_21_8_1_1   |        0|   0|  0|   9|    0|
    |mux_21_8_1_1_U7   |mux_21_8_1_1   |        0|   0|  0|   9|    0|
    |mux_257_8_1_1_U2  |mux_257_8_1_1  |        0|   0|  0|   9|    0|
    |mux_257_8_1_1_U4  |mux_257_8_1_1  |        0|   0|  0|   9|    0|
    |mux_257_8_1_1_U6  |mux_257_8_1_1  |        0|   0|  0|   9|    0|
    |mux_257_8_1_1_U8  |mux_257_8_1_1  |        0|   0|  0|   9|    0|
    +------------------+---------------+---------+----+---+----+-----+
    |Total             |               |        0|   0|  0|  72|    0|
    +------------------+---------------+---------+----+---+----+-----+

    * DSP: 
    N/A

    * Memory: 
    N/A

    * FIFO: 
    N/A

    * Expression: 
    +-------------------------+----------+----+---+-----+------------+------------+
    |      Variable Name      | Operation| DSP| FF| LUT | Bitwidth P0| Bitwidth P1|
    +-------------------------+----------+----+---+-----+------------+------------+
    |add_ln21_fu_789_p2       |         +|   0|  0|   13|           4|           2|
    |add_ln39_fu_1341_p2      |         +|   0|  0|   14|           7|           4|
    |cnt_18_fu_1049_p2        |         +|   0|  0|   71|          64|           1|
    |cnt_19_fu_1626_p2        |         +|   0|  0|   71|          64|           1|
    |cnt_20_fu_1305_p2        |         +|   0|  0|   71|          64|           1|
    |cnt_21_fu_1882_p2        |         +|   0|  0|   71|          64|           1|
    |e_10_fu_1311_p2          |         +|   0|  0|   71|          64|           1|
    |e_11_fu_1889_p2          |         +|   0|  0|   71|          64|           1|
    |e_5_fu_1055_p2           |         +|   0|  0|   71|          64|           1|
    |e_8_fu_1632_p2           |         +|   0|  0|   71|          64|           1|
    |n_2_fu_1132_p2           |         +|   0|  0|   16|           9|           2|
    |n_3_fu_1709_p2           |         +|   0|  0|   16|           9|           2|
    |and_ln18_1_fu_691_p2     |       and|   0|  0|   16|          16|          16|
    |and_ln18_fu_713_p2       |       and|   0|  0|   16|          16|          16|
    |and_ln33_1_fu_1007_p2    |       and|   0|  0|   16|          16|          16|
    |and_ln33_2_fu_1605_p2    |       and|   0|  0|   16|          16|          16|
    |and_ln33_3_fu_1584_p2    |       and|   0|  0|   16|          16|          16|
    |and_ln33_4_fu_1284_p2    |       and|   0|  0|   16|          16|          16|
    |and_ln33_5_fu_1263_p2    |       and|   0|  0|   16|          16|          16|
    |and_ln33_6_fu_1861_p2    |       and|   0|  0|   16|          16|          16|
    |and_ln33_7_fu_1840_p2    |       and|   0|  0|   16|          16|          16|
    |and_ln33_fu_1028_p2      |       and|   0|  0|   16|          16|          16|
    |icmp_ln21_fu_732_p2      |      icmp|   0|  0|    9|           4|           4|
    |icmp_ln25_1_fu_1397_p2   |      icmp|   0|  0|   11|           8|           8|
    |icmp_ln25_2_fu_1070_p2   |      icmp|   0|  0|   11|           8|           8|
    |icmp_ln25_3_fu_1647_p2   |      icmp|   0|  0|   11|           8|           8|
    |icmp_ln25_fu_820_p2      |      icmp|   0|  0|   11|           8|           8|
    |icmp_ln28_1_fu_862_p2    |      icmp|   0|  0|   29|          64|          64|
    |icmp_ln28_2_fu_1433_p2   |      icmp|   0|  0|   29|          64|          64|
    |icmp_ln28_3_fu_1106_p2   |      icmp|   0|  0|   29|          64|          64|
    |icmp_ln28_4_fu_1439_p2   |      icmp|   0|  0|   29|          64|          64|
    |icmp_ln28_5_fu_1112_p2   |      icmp|   0|  0|   29|          64|          64|
    |icmp_ln28_6_fu_1683_p2   |      icmp|   0|  0|   29|          64|          64|
    |icmp_ln28_7_fu_1689_p2   |      icmp|   0|  0|   29|          64|          64|
    |icmp_ln28_fu_856_p2      |      icmp|   0|  0|   29|          64|          64|
    |icmp_ln32_1_fu_1555_p2   |      icmp|   0|  0|   11|           8|           7|
    |icmp_ln32_2_fu_1234_p2   |      icmp|   0|  0|   11|           8|           7|
    |icmp_ln32_3_fu_1811_p2   |      icmp|   0|  0|   11|           8|           7|
    |icmp_ln32_fu_978_p2      |      icmp|   0|  0|   11|           8|           7|
    |icmp_ln39_1_fu_1361_p2   |      icmp|   0|  0|   29|          64|           1|
    |icmp_ln39_fu_783_p2      |      icmp|   0|  0|   29|          64|           1|
    |lshr_ln26_1_fu_1413_p2   |      lshr|   0|  0|  950|         256|         256|
    |lshr_ln26_2_fu_1086_p2   |      lshr|   0|  0|  950|         256|         256|
    |lshr_ln26_3_fu_1663_p2   |      lshr|   0|  0|  950|         256|         256|
    |lshr_ln26_fu_836_p2      |      lshr|   0|  0|  950|         256|         256|
    |lshr_ln29_4_fu_1475_p2   |      lshr|   0|  0|  423|         128|         128|
    |lshr_ln29_5_fu_1154_p2   |      lshr|   0|  0|  423|         128|         128|
    |lshr_ln29_6_fu_1731_p2   |      lshr|   0|  0|  423|         128|         128|
    |lshr_ln29_fu_898_p2      |      lshr|   0|  0|  423|         128|         128|
    |lshr_ln30_10_fu_1792_p2  |      lshr|   0|  0|   35|          16|          16|
    |lshr_ln30_1_fu_959_p2    |      lshr|   0|  0|   35|          16|          16|
    |lshr_ln30_3_fu_1522_p2   |      lshr|   0|  0|   35|          16|          16|
    |lshr_ln30_5_fu_1536_p2   |      lshr|   0|  0|   35|          16|          16|
    |lshr_ln30_7_fu_1201_p2   |      lshr|   0|  0|   35|          16|          16|
    |lshr_ln30_8_fu_1215_p2   |      lshr|   0|  0|   35|          16|          16|
    |lshr_ln30_9_fu_1778_p2   |      lshr|   0|  0|   35|          16|          16|
    |lshr_ln30_fu_945_p2      |      lshr|   0|  0|   35|          16|          16|
    |conv20_fu_738_p2         |        or|   0|  0|    4|           4|           1|
    |or_ln33_1_fu_1022_p2     |        or|   0|  0|   16|          16|          16|
    |or_ln33_2_fu_1620_p2     |        or|   0|  0|   16|          16|          16|
    |or_ln33_3_fu_1599_p2     |        or|   0|  0|   16|          16|          16|
    |or_ln33_4_fu_1299_p2     |        or|   0|  0|   16|          16|          16|
    |or_ln33_5_fu_1278_p2     |        or|   0|  0|   16|          16|          16|
    |or_ln33_6_fu_1876_p2     |        or|   0|  0|   16|          16|          16|
    |or_ln33_7_fu_1855_p2     |        or|   0|  0|   16|          16|          16|
    |or_ln33_fu_1043_p2       |        or|   0|  0|   16|          16|          16|
    |shl_ln18_1_fu_679_p2     |       shl|   0|  0|   35|           8|          16|
    |shl_ln18_fu_701_p2       |       shl|   0|  0|   35|           8|          16|
    |shl_ln33_10_fu_1870_p2   |       shl|   0|  0|   35|          16|          16|
    |shl_ln33_11_fu_1849_p2   |       shl|   0|  0|   35|          16|          16|
    |shl_ln33_1_fu_1037_p2    |       shl|   0|  0|   35|          16|          16|
    |shl_ln33_2_fu_1016_p2    |       shl|   0|  0|   35|          16|          16|
    |shl_ln33_3_fu_1572_p2    |       shl|   0|  0|   35|           8|          16|
    |shl_ln33_4_fu_1614_p2    |       shl|   0|  0|   35|          16|          16|
    |shl_ln33_5_fu_1593_p2    |       shl|   0|  0|   35|          16|          16|
    |shl_ln33_6_fu_1251_p2    |       shl|   0|  0|   35|           8|          16|
    |shl_ln33_7_fu_1293_p2    |       shl|   0|  0|   35|          16|          16|
    |shl_ln33_8_fu_1272_p2    |       shl|   0|  0|   35|          16|          16|
    |shl_ln33_9_fu_1828_p2    |       shl|   0|  0|   35|           8|          16|
    |shl_ln33_fu_995_p2       |       shl|   0|  0|   35|           8|          16|
    |xor_ln18_1_fu_685_p2     |       xor|   0|  0|   16|          16|           2|
    |xor_ln18_fu_707_p2       |       xor|   0|  0|   16|          16|           2|
    |xor_ln33_1_fu_1578_p2    |       xor|   0|  0|   16|          16|           2|
    |xor_ln33_2_fu_1257_p2    |       xor|   0|  0|   16|          16|           2|
    |xor_ln33_3_fu_1834_p2    |       xor|   0|  0|   16|          16|           2|
    |xor_ln33_fu_1001_p2      |       xor|   0|  0|   16|          16|           2|
    +-------------------------+----------+----+---+-----+------------+------------+
    |Total                    |          |   0|  0| 7664|        3477|        2785|
    +-------------------------+----------+----+---+-----+------------+------------+

    * Multiplexer: 
    +---------------------------------+-----+-----------+-----+-----------+
    |               Name              | LUT | Input Size| Bits| Total Bits|
    +---------------------------------+-----+-----------+-----+-----------+
    |ap_NS_fsm                        |  162|         35|    1|         35|
    |ap_phi_mux_cnt_17_phi_fu_596_p4  |    9|          2|   64|        128|
    |cnt_11_reg_544                   |    9|          2|   64|        128|
    |cnt_13_reg_571                   |    9|          2|   64|        128|
    |cnt_14_reg_470                   |    9|          2|   64|        128|
    |cnt_15_reg_604                   |   13|          3|   64|        192|
    |cnt_17_reg_592                   |    9|          2|   64|        128|
    |cnt_1_reg_498                    |    9|          2|   64|        128|
    |cnt_2_reg_422                    |    9|          2|   64|        128|
    |cnt_3_reg_434                    |    9|          2|   64|        128|
    |cnt_4_reg_401                    |    9|          2|   64|        128|
    |cnt_6_reg_523                    |    9|          2|   64|        128|
    |cnt_7_reg_556                    |    9|          2|   64|        128|
    |cnt_8_reg_449                    |    9|          2|   64|        128|
    |cnt_9_reg_482                    |   13|          3|   64|        192|
    |cnt_reg_376                      |    9|          2|   64|        128|
    |e_1_reg_412                      |    9|          2|   64|        128|
    |e_4_reg_534                      |    9|          2|   64|        128|
    |e_6_reg_460                      |    9|          2|   64|        128|
    |e_9_reg_582                      |    9|          2|   64|        128|
    |edges_address0                   |   21|          5|   11|         55|
    |horizon_fu_134                   |    9|          2|    4|          8|
    |level_0_address0                 |   61|         15|    6|         90|
    |level_0_d0                       |   25|          6|   16|         96|
    |level_1_address0                 |   61|         15|    6|         90|
    |level_1_d0                       |   25|          6|   16|         96|
    |level_counts_address0            |   17|          4|    4|         16|
    |level_counts_d0                  |   17|          4|   64|        256|
    |n_1_reg_511                      |    9|          2|    9|         18|
    |n_reg_389                        |    9|          2|    9|         18|
    |nodes_0_address0                 |   13|          3|    6|         18|
    |nodes_1_address0                 |   13|          3|    6|         18|
    +---------------------------------+-----+-----------+-----+-----------+
    |Total                            |  621|        142| 1374|       3374|
    +---------------------------------+-----+-----------+-----+-----------+

    * Register: 
    +-------------------------+-----+----+-----+-----------+
    |           Name          |  FF | LUT| Bits| Const Bits|
    +-------------------------+-----+----+-----+-----------+
    |add_ln21_reg_1979        |    4|   0|    4|          0|
    |ap_CS_fsm                |   34|   0|   34|          0|
    |cnt_11_reg_544           |   64|   0|   64|          0|
    |cnt_13_reg_571           |   64|   0|   64|          0|
    |cnt_14_reg_470           |   64|   0|   64|          0|
    |cnt_15_reg_604           |   64|   0|   64|          0|
    |cnt_17_reg_592           |   64|   0|   64|          0|
    |cnt_1_reg_498            |   64|   0|   64|          0|
    |cnt_2_reg_422            |   64|   0|   64|          0|
    |cnt_3_reg_434            |   64|   0|   64|          0|
    |cnt_4_reg_401            |   64|   0|   64|          0|
    |cnt_6_reg_523            |   64|   0|   64|          0|
    |cnt_7_reg_556            |   64|   0|   64|          0|
    |cnt_8_reg_449            |   64|   0|   64|          0|
    |cnt_9_reg_482            |   64|   0|   64|          0|
    |cnt_reg_376              |   64|   0|   64|          0|
    |conv20_reg_1935          |    3|   0|    4|          1|
    |e_10_reg_2163            |   64|   0|   64|          0|
    |e_1_reg_412              |   64|   0|   64|          0|
    |e_4_reg_534              |   64|   0|   64|          0|
    |e_5_reg_2074             |   64|   0|   64|          0|
    |e_6_reg_460              |   64|   0|   64|          0|
    |e_8_reg_2276             |   64|   0|   64|          0|
    |e_9_reg_582              |   64|   0|   64|          0|
    |horizon_fu_134           |    4|   0|    4|          0|
    |icmp_ln21_reg_1931       |    1|   0|    1|          0|
    |icmp_ln25_1_reg_2197     |    1|   0|    1|          0|
    |icmp_ln25_2_reg_2079     |    1|   0|    1|          0|
    |icmp_ln25_3_reg_2281     |    1|   0|    1|          0|
    |icmp_ln25_reg_1995       |    1|   0|    1|          0|
    |icmp_ln28_2_reg_2216     |    1|   0|    1|          0|
    |icmp_ln28_3_reg_2098     |    1|   0|    1|          0|
    |icmp_ln28_6_reg_2300     |    1|   0|    1|          0|
    |icmp_ln28_reg_2014       |    1|   0|    1|          0|
    |icmp_ln32_1_reg_2253     |    1|   0|    1|          0|
    |icmp_ln32_2_reg_2140     |    1|   0|    1|          0|
    |icmp_ln32_3_reg_2342     |    1|   0|    1|          0|
    |icmp_ln32_reg_2051       |    1|   0|    1|          0|
    |icmp_ln39_reg_1975       |    1|   0|    1|          0|
    |level_0_addr_1_reg_1960  |    6|   0|    6|          0|
    |level_0_addr_2_reg_2177  |    6|   0|    6|          0|
    |level_0_addr_3_reg_2041  |    6|   0|    6|          0|
    |level_0_addr_4_reg_2243  |    6|   0|    6|          0|
    |level_0_addr_5_reg_2130  |    6|   0|    6|          0|
    |level_0_addr_6_reg_2332  |    6|   0|    6|          0|
    |level_0_addr_reg_1905    |    6|   0|    6|          0|
    |level_1_addr_1_reg_1965  |    6|   0|    6|          0|
    |level_1_addr_2_reg_2182  |    6|   0|    6|          0|
    |level_1_addr_3_reg_2046  |    6|   0|    6|          0|
    |level_1_addr_4_reg_2248  |    6|   0|    6|          0|
    |level_1_addr_5_reg_2135  |    6|   0|    6|          0|
    |level_1_addr_6_reg_2337  |    6|   0|    6|          0|
    |level_1_addr_reg_1910    |    6|   0|    6|          0|
    |lshr_ln29_4_reg_2228     |  128|   0|  128|          0|
    |lshr_ln29_5_reg_2115     |  128|   0|  128|          0|
    |lshr_ln29_6_reg_2317     |  128|   0|  128|          0|
    |lshr_ln29_reg_2026       |  128|   0|  128|          0|
    |lshr_ln30_2_reg_2233     |   57|   0|   57|          0|
    |lshr_ln30_4_reg_2120     |   57|   0|   57|          0|
    |lshr_ln30_6_reg_2322     |   57|   0|   57|          0|
    |lshr_ln3_reg_2031        |   57|   0|   57|          0|
    |n_1_reg_511              |    9|   0|    9|          0|
    |n_2_reg_2110             |    9|   0|    9|          0|
    |n_3_reg_2312             |    9|   0|    9|          0|
    |n_reg_389                |    9|   0|    9|          0|
    |or_ln33_1_reg_2059       |   16|   0|   16|          0|
    |or_ln33_2_reg_2266       |   16|   0|   16|          0|
    |or_ln33_3_reg_2261       |   16|   0|   16|          0|
    |or_ln33_4_reg_2153       |   16|   0|   16|          0|
    |or_ln33_5_reg_2148       |   16|   0|   16|          0|
    |or_ln33_6_reg_2355       |   16|   0|   16|          0|
    |or_ln33_7_reg_2350       |   16|   0|   16|          0|
    |or_ln33_reg_2064         |   16|   0|   16|          0|
    |shl_ln1_reg_1970         |    3|   0|    7|          4|
    |shl_ln_reg_1895          |    1|   0|    4|          3|
    |tmp_13_reg_2257          |    1|   0|    1|          0|
    |tmp_14_reg_2144          |    1|   0|    1|          0|
    |tmp_15_reg_2346          |    1|   0|    1|          0|
    |tmp_2_reg_1988           |    1|   0|    1|          0|
    |tmp_5_reg_2190           |    1|   0|    1|          0|
    |tmp_9_reg_2055           |    1|   0|    1|          0|
    |tmp_end_1_reg_2211       |   64|   0|   64|          0|
    |tmp_end_2_reg_2093       |   64|   0|   64|          0|
    |tmp_end_3_reg_2295       |   64|   0|   64|          0|
    |tmp_end_reg_2009         |   64|   0|   64|          0|
    |tmp_reg_1901             |    1|   0|    1|          0|
    |trunc_ln30_12_reg_2327   |    1|   0|    1|          0|
    |trunc_ln30_6_reg_2238    |    1|   0|    1|          0|
    |trunc_ln30_9_reg_2125    |    1|   0|    1|          0|
    |trunc_ln30_reg_2036      |    1|   0|    1|          0|
    |zext_ln21_reg_1925       |    4|   0|    8|          4|
    |zext_ln24_reg_1945       |    3|   0|    8|          5|
    |zext_ln25_1_reg_2171     |    6|   0|   64|         58|
    |zext_ln25_reg_1954       |    6|   0|   64|         58|
    +-------------------------+-----+----+-----+-----------+
    |Total                    | 2681|   0| 2814|        133|
    +-------------------------+-----+----+-----+-----------+



================================================================
== Interface
================================================================
* Summary: 
+-----------------------+-----+-----+------------+---------------+--------------+
|       RTL Ports       | Dir | Bits|  Protocol  | Source Object |    C Type    |
+-----------------------+-----+-----+------------+---------------+--------------+
|ap_clk                 |   in|    1|  ap_ctrl_hs|            bfs|  return value|
|ap_rst                 |   in|    1|  ap_ctrl_hs|            bfs|  return value|
|ap_start               |   in|    1|  ap_ctrl_hs|            bfs|  return value|
|ap_done                |  out|    1|  ap_ctrl_hs|            bfs|  return value|
|ap_idle                |  out|    1|  ap_ctrl_hs|            bfs|  return value|
|ap_ready               |  out|    1|  ap_ctrl_hs|            bfs|  return value|
|nodes_0_address0       |  out|    6|   ap_memory|        nodes_0|         array|
|nodes_0_ce0            |  out|    1|   ap_memory|        nodes_0|         array|
|nodes_0_q0             |   in|  256|   ap_memory|        nodes_0|         array|
|nodes_1_address0       |  out|    6|   ap_memory|        nodes_1|         array|
|nodes_1_ce0            |  out|    1|   ap_memory|        nodes_1|         array|
|nodes_1_q0             |   in|  256|   ap_memory|        nodes_1|         array|
|edges_address0         |  out|   11|   ap_memory|          edges|         array|
|edges_ce0              |  out|    1|   ap_memory|          edges|         array|
|edges_q0               |   in|  128|   ap_memory|          edges|         array|
|starting_node          |   in|   64|     ap_none|  starting_node|        scalar|
|level_0_address0       |  out|    6|   ap_memory|        level_0|         array|
|level_0_ce0            |  out|    1|   ap_memory|        level_0|         array|
|level_0_we0            |  out|    1|   ap_memory|        level_0|         array|
|level_0_d0             |  out|   16|   ap_memory|        level_0|         array|
|level_0_q0             |   in|   16|   ap_memory|        level_0|         array|
|level_1_address0       |  out|    6|   ap_memory|        level_1|         array|
|level_1_ce0            |  out|    1|   ap_memory|        level_1|         array|
|level_1_we0            |  out|    1|   ap_memory|        level_1|         array|
|level_1_d0             |  out|   16|   ap_memory|        level_1|         array|
|level_1_q0             |   in|   16|   ap_memory|        level_1|         array|
|level_counts_address0  |  out|    4|   ap_memory|   level_counts|         array|
|level_counts_ce0       |  out|    1|   ap_memory|   level_counts|         array|
|level_counts_we0       |  out|    1|   ap_memory|   level_counts|         array|
|level_counts_d0        |  out|   64|   ap_memory|   level_counts|         array|
+-----------------------+-----+-----+------------+---------------+--------------+

