

================================================================
== Vitis HLS Report for 'bfs'
================================================================
* Date:           Mon Mar 10 00:10:28 2025

* Version:        2022.1 (Build 3526262 on Mon Apr 18 15:47:01 MDT 2022)
* Project:        bfs_random_prj_p1
* Solution:       solution (Vivado IP Flow Target)
* Product family: virtex7
* Target device:  xc7vx485t-ffg1761-2


================================================================
== Performance Estimates
================================================================
+ Timing: 
    * Summary: 
    +--------+----------+----------+------------+
    |  Clock |  Target  | Estimated| Uncertainty|
    +--------+----------+----------+------------+
    |ap_clk  |  10.00 ns|  6.900 ns|     2.70 ns|
    +--------+----------+----------+------------+

+ Latency: 
    * Summary: 
    +---------+---------+----------+----------+-----+-----+---------+
    |  Latency (cycles) |  Latency (absolute) |  Interval | Pipeline|
    |   min   |   max   |    min   |    max   | min | max |   Type  |
    +---------+---------+----------+----------+-----+-----+---------+
    |        ?|        ?|         ?|         ?|    ?|    ?|       no|
    +---------+---------+----------+----------+-----+-----+---------+

    + Detail: 
        * Instance: 
        N/A

        * Loop: 
        +---------------------+---------+---------+----------+-----------+-----------+-------+----------+
        |                     |  Latency (cycles) | Iteration|  Initiation Interval  |  Trip |          |
        |      Loop Name      |   min   |   max   |  Latency |  achieved |   target  | Count | Pipelined|
        +---------------------+---------+---------+----------+-----------+-----------+-------+----------+
        |- loop_horizons      |        ?|        ?|         ?|          -|          -|  1 ~ 5|        no|
        | + loop_nodes        |        ?|        ?|         ?|          -|          -|    256|        no|
        |  ++ loop_neighbors  |        ?|        ?|         5|          -|          -|      ?|        no|
        | + loop_nodes        |        ?|        ?|         ?|          -|          -|    256|        no|
        |  ++ loop_neighbors  |        ?|        ?|         5|          -|          -|      ?|        no|
        +---------------------+---------+---------+----------+-----------+-----------+-------+----------+



================================================================
== Utilization Estimates
================================================================
* Summary: 
+-----------------+---------+------+--------+--------+-----+
|       Name      | BRAM_18K|  DSP |   FF   |   LUT  | URAM|
+-----------------+---------+------+--------+--------+-----+
|DSP              |        -|     -|       -|       -|    -|
|Expression       |        -|     -|       0|    7077|    -|
|FIFO             |        -|     -|       -|       -|    -|
|Instance         |        -|     0|     116|     116|    -|
|Memory           |        -|     -|       -|       -|    -|
|Multiplexer      |        -|     -|       -|     427|    -|
|Register         |        -|     -|    1049|       -|    -|
+-----------------+---------+------+--------+--------+-----+
|Total            |        0|     0|    1165|    7620|    0|
+-----------------+---------+------+--------+--------+-----+
|Available        |     2060|  2800|  607200|  303600|    0|
+-----------------+---------+------+--------+--------+-----+
|Utilization (%)  |        0|     0|      ~0|       2|    0|
+-----------------+---------+------+--------+--------+-----+

+ Detail: 
    * Instance: 
    +---------------------------+------------------------+---------+----+----+----+-----+
    |          Instance         |         Module         | BRAM_18K| DSP| FF | LUT| URAM|
    +---------------------------+------------------------+---------+----+----+----+-----+
    |mul_4ns_6ns_9_1_1_U3       |mul_4ns_6ns_9_1_1       |        0|   0|   0|  26|    0|
    |mul_4ns_6ns_9_1_1_U6       |mul_4ns_6ns_9_1_1       |        0|   0|   0|  26|    0|
    |mux_21_64_1_1_U2           |mux_21_64_1_1           |        0|   0|   0|   9|    0|
    |mux_21_64_1_1_U5           |mux_21_64_1_1           |        0|   0|   0|   9|    0|
    |urem_4ns_4ns_4_8_seq_1_U1  |urem_4ns_4ns_4_8_seq_1  |        0|   0|  58|  23|    0|
    |urem_4ns_4ns_4_8_seq_1_U4  |urem_4ns_4ns_4_8_seq_1  |        0|   0|  58|  23|    0|
    +---------------------------+------------------------+---------+----+----+----+-----+
    |Total                      |                        |        0|   0| 116| 116|    0|
    +---------------------------+------------------------+---------+----+----+----+-----+

    * DSP: 
    N/A

    * Memory: 
    N/A

    * FIFO: 
    N/A

    * Expression: 
    +------------------------+----------+----+---+-----+------------+------------+
    |      Variable Name     | Operation| DSP| FF| LUT | Bitwidth P0| Bitwidth P1|
    +------------------------+----------+----+---+-----+------------+------------+
    |add_ln21_fu_851_p2      |         +|   0|  0|   13|           4|           2|
    |cnt_5_fu_765_p2         |         +|   0|  0|   71|          64|           1|
    |cnt_8_fu_1117_p2        |         +|   0|  0|   71|          64|           1|
    |e_3_fu_771_p2           |         +|   0|  0|   71|          64|           1|
    |e_5_fu_1123_p2          |         +|   0|  0|   71|          64|           1|
    |n_2_fu_510_p2           |         +|   0|  0|   16|           9|           1|
    |n_3_fu_862_p2           |         +|   0|  0|   16|           9|           1|
    |and_ln18_fu_461_p2      |       and|   0|  0|   16|          16|          16|
    |and_ln33_1_fu_1095_p2   |       and|   0|  0|   16|          16|          16|
    |and_ln33_fu_743_p2      |       and|   0|  0|   16|          16|          16|
    |and_ln39_1_fu_1175_p2   |       and|   0|  0|  128|         128|         128|
    |and_ln39_fu_822_p2      |       and|   0|  0|  128|         128|         128|
    |icmp_ln21_fu_488_p2     |      icmp|   0|  0|    9|           4|           4|
    |icmp_ln24_1_fu_856_p2   |      icmp|   0|  0|   11|           9|          10|
    |icmp_ln24_fu_504_p2     |      icmp|   0|  0|   11|           9|          10|
    |icmp_ln25_1_fu_913_p2   |      icmp|   0|  0|   11|           8|           8|
    |icmp_ln25_fu_561_p2     |      icmp|   0|  0|   11|           8|           8|
    |icmp_ln28_1_fu_603_p2   |      icmp|   0|  0|   29|          64|          64|
    |icmp_ln28_2_fu_949_p2   |      icmp|   0|  0|   29|          64|          64|
    |icmp_ln28_3_fu_955_p2   |      icmp|   0|  0|   29|          64|          64|
    |icmp_ln28_fu_597_p2     |      icmp|   0|  0|   29|          64|          64|
    |icmp_ln32_1_fu_1073_p2  |      icmp|   0|  0|   11|           8|           7|
    |icmp_ln32_fu_721_p2     |      icmp|   0|  0|   11|           8|           7|
    |icmp_ln39_1_fu_1198_p2  |      icmp|   0|  0|   29|          64|           1|
    |icmp_ln39_fu_845_p2     |      icmp|   0|  0|   29|          64|           1|
    |lshr_ln25_2_fu_903_p2   |      lshr|   0|  0|   35|          16|          16|
    |lshr_ln25_fu_551_p2     |      lshr|   0|  0|   35|          16|          16|
    |lshr_ln26_1_fu_929_p2   |      lshr|   0|  0|  950|         256|         256|
    |lshr_ln26_fu_577_p2     |      lshr|   0|  0|  950|         256|         256|
    |lshr_ln29_2_fu_658_p2   |      lshr|   0|  0|  423|         128|         128|
    |lshr_ln29_3_fu_996_p2   |      lshr|   0|  0|  423|         128|         128|
    |lshr_ln29_4_fu_1010_p2  |      lshr|   0|  0|  423|         128|         128|
    |lshr_ln29_fu_644_p2     |      lshr|   0|  0|  423|         128|         128|
    |lshr_ln30_2_fu_1063_p2  |      lshr|   0|  0|   35|          16|          16|
    |lshr_ln30_fu_711_p2     |      lshr|   0|  0|   35|          16|          16|
    |conv20_fu_494_p2        |        or|   0|  0|    4|           4|           1|
    |or_ln33_1_fu_1110_p2    |        or|   0|  0|   16|          16|          16|
    |or_ln33_fu_758_p2       |        or|   0|  0|   16|          16|          16|
    |or_ln39_1_fu_1191_p2    |        or|   0|  0|  128|         128|         128|
    |or_ln39_fu_838_p2       |        or|   0|  0|  128|         128|         128|
    |shl_ln18_fu_449_p2      |       shl|   0|  0|   35|           8|          16|
    |shl_ln33_1_fu_752_p2    |       shl|   0|  0|   35|          16|          16|
    |shl_ln33_2_fu_1083_p2   |       shl|   0|  0|   35|           8|          16|
    |shl_ln33_3_fu_1104_p2   |       shl|   0|  0|   35|          16|          16|
    |shl_ln33_fu_731_p2      |       shl|   0|  0|   35|           8|          16|
    |shl_ln39_1_fu_832_p2    |       shl|   0|  0|  423|         128|         128|
    |shl_ln39_2_fu_1163_p2   |       shl|   0|  0|  423|          64|         128|
    |shl_ln39_3_fu_1185_p2   |       shl|   0|  0|  423|         128|         128|
    |shl_ln39_fu_810_p2      |       shl|   0|  0|  423|          64|         128|
    |xor_ln18_fu_455_p2      |       xor|   0|  0|   16|          16|           2|
    |xor_ln33_1_fu_1089_p2   |       xor|   0|  0|   16|          16|           2|
    |xor_ln33_fu_737_p2      |       xor|   0|  0|   16|          16|           2|
    |xor_ln39_1_fu_1169_p2   |       xor|   0|  0|  128|         128|           2|
    |xor_ln39_fu_816_p2      |       xor|   0|  0|  128|         128|           2|
    +------------------------+----------+----+---+-----+------------+------------+
    |Total                   |          |   0|  0| 7077|        3144|        2603|
    +------------------------+----------+----+---+-----+------------+------------+

    * Multiplexer: 
    +-----------------------+-----+-----------+-----+-----------+
    |          Name         | LUT | Input Size| Bits| Total Bits|
    +-----------------------+-----+-----------+-----+-----------+
    |ap_NS_fsm              |  171|         38|    1|         38|
    |cnt_1_reg_342          |    9|          2|   64|        128|
    |cnt_2_reg_314          |    9|          2|   64|        128|
    |cnt_3_reg_326          |    9|          2|   64|        128|
    |cnt_4_reg_293          |    9|          2|   64|        128|
    |cnt_6_reg_365          |    9|          2|   64|        128|
    |cnt_7_reg_398          |    9|          2|   64|        128|
    |cnt_9_reg_386          |    9|          2|   64|        128|
    |cnt_reg_270            |    9|          2|   64|        128|
    |e_1_reg_304            |    9|          2|   64|        128|
    |e_4_reg_376            |    9|          2|   64|        128|
    |edges_0_address0       |   13|          3|   10|         30|
    |edges_1_address0       |   13|          3|   10|         30|
    |horizon_fu_122         |    9|          2|    4|          8|
    |level_address0         |   37|          9|    7|         63|
    |level_counts_address0  |   29|          7|    3|         21|
    |level_counts_d0        |   17|          4|  128|        512|
    |level_d0               |   17|          4|   16|         64|
    |n_1_reg_354            |    9|          2|    9|         18|
    |n_reg_282              |    9|          2|    9|         18|
    |nodes_address0         |   13|          3|    7|         21|
    +-----------------------+-----+-----------+-----+-----------+
    |Total                  |  427|         97|  844|       2103|
    +-----------------------+-----+-----------+-----+-----------+

    * Register: 
    +------------------------------+----+----+-----+-----------+
    |             Name             | FF | LUT| Bits| Const Bits|
    +------------------------------+----+----+-----+-----------+
    |add_ln21_reg_1354             |   4|   0|    4|          0|
    |ap_CS_fsm                     |  37|   0|   37|          0|
    |cnt_1_reg_342                 |  64|   0|   64|          0|
    |cnt_2_reg_314                 |  64|   0|   64|          0|
    |cnt_3_reg_326                 |  64|   0|   64|          0|
    |cnt_4_reg_293                 |  64|   0|   64|          0|
    |cnt_6_reg_365                 |  64|   0|   64|          0|
    |cnt_7_reg_398                 |  64|   0|   64|          0|
    |cnt_9_reg_386                 |  64|   0|   64|          0|
    |cnt_reg_270                   |  64|   0|   64|          0|
    |conv20_reg_1242               |   3|   0|    4|          1|
    |e_1_reg_304                   |  64|   0|   64|          0|
    |e_3_reg_1335                  |  64|   0|   64|          0|
    |e_4_reg_376                   |  64|   0|   64|          0|
    |e_5_reg_1443                  |  64|   0|   64|          0|
    |horizon_fu_122                |   4|   0|    4|          0|
    |icmp_ln21_reg_1238            |   1|   0|    1|          0|
    |icmp_ln39_reg_1350            |   1|   0|    1|          0|
    |level_addr_3_reg_1322         |   7|   0|    7|          0|
    |level_addr_4_reg_1430         |   7|   0|    7|          0|
    |level_addr_reg_1220           |   7|   0|    7|          0|
    |level_counts_addr_1_reg_1345  |   3|   0|    3|          0|
    |level_counts_addr_2_reg_1448  |   3|   0|    3|          0|
    |lshr_ln30_1_reg_1425          |   7|   0|    7|          0|
    |lshr_ln3_reg_1317             |   7|   0|    7|          0|
    |n_1_reg_354                   |   9|   0|    9|          0|
    |n_2_reg_1257                  |   9|   0|    9|          0|
    |n_3_reg_1365                  |   9|   0|    9|          0|
    |n_reg_282                     |   9|   0|    9|          0|
    |tmp_end_1_reg_1399            |  64|   0|   64|          0|
    |tmp_end_reg_1291              |  64|   0|   64|          0|
    |tmp_reg_1340                  |   1|   0|    1|          0|
    |trunc_ln25_2_reg_1370         |   1|   0|    1|          0|
    |trunc_ln25_reg_1262           |   1|   0|    1|          0|
    |trunc_ln30_2_reg_1420         |   1|   0|    1|          0|
    |trunc_ln30_reg_1312           |   1|   0|    1|          0|
    |zext_ln21_reg_1233            |   4|   0|    8|          4|
    |zext_ln24_reg_1249            |   3|   0|    8|          5|
    |zext_ln25_2_reg_1376          |   7|   0|   64|         57|
    |zext_ln25_reg_1268            |   7|   0|   64|         57|
    +------------------------------+----+----+-----+-----------+
    |Total                         |1049|   0| 1173|        124|
    +------------------------------+----+----+-----+-----------+



================================================================
== Interface
================================================================
* Summary: 
+-----------------------+-----+-----+------------+---------------+--------------+
|       RTL Ports       | Dir | Bits|  Protocol  | Source Object |    C Type    |
+-----------------------+-----+-----+------------+---------------+--------------+
|ap_clk                 |   in|    1|  ap_ctrl_hs|            bfs|  return value|
|ap_rst                 |   in|    1|  ap_ctrl_hs|            bfs|  return value|
|ap_start               |   in|    1|  ap_ctrl_hs|            bfs|  return value|
|ap_done                |  out|    1|  ap_ctrl_hs|            bfs|  return value|
|ap_idle                |  out|    1|  ap_ctrl_hs|            bfs|  return value|
|ap_ready               |  out|    1|  ap_ctrl_hs|            bfs|  return value|
|nodes_address0         |  out|    7|   ap_memory|          nodes|         array|
|nodes_ce0              |  out|    1|   ap_memory|          nodes|         array|
|nodes_q0               |   in|  256|   ap_memory|          nodes|         array|
|edges_0_address0       |  out|   10|   ap_memory|        edges_0|         array|
|edges_0_ce0            |  out|    1|   ap_memory|        edges_0|         array|
|edges_0_q0             |   in|  128|   ap_memory|        edges_0|         array|
|edges_1_address0       |  out|   10|   ap_memory|        edges_1|         array|
|edges_1_ce0            |  out|    1|   ap_memory|        edges_1|         array|
|edges_1_q0             |   in|  128|   ap_memory|        edges_1|         array|
|starting_node          |   in|   64|     ap_none|  starting_node|        scalar|
|level_address0         |  out|    7|   ap_memory|          level|         array|
|level_ce0              |  out|    1|   ap_memory|          level|         array|
|level_we0              |  out|    1|   ap_memory|          level|         array|
|level_d0               |  out|   16|   ap_memory|          level|         array|
|level_q0               |   in|   16|   ap_memory|          level|         array|
|level_counts_address0  |  out|    3|   ap_memory|   level_counts|         array|
|level_counts_ce0       |  out|    1|   ap_memory|   level_counts|         array|
|level_counts_we0       |  out|    1|   ap_memory|   level_counts|         array|
|level_counts_d0        |  out|  128|   ap_memory|   level_counts|         array|
|level_counts_q0        |   in|  128|   ap_memory|   level_counts|         array|
+-----------------------+-----+-----+------------+---------------+--------------+

