

================================================================
== Vitis HLS Report for 'bfs'
================================================================
* Date:           Mon Mar 10 00:14:46 2025

* Version:        2022.1 (Build 3526262 on Mon Apr 18 15:47:01 MDT 2022)
* Project:        bfs_random_prj_p1
* Solution:       solution (Vivado IP Flow Target)
* Product family: virtex7
* Target device:  xc7vx485t-ffg1761-2


================================================================
== Performance Estimates
================================================================
+ Timing: 
    * Summary: 
    +--------+----------+----------+------------+
    |  Clock |  Target  | Estimated| Uncertainty|
    +--------+----------+----------+------------+
    |ap_clk  |  10.00 ns|  7.139 ns|     2.70 ns|
    +--------+----------+----------+------------+

+ Latency: 
    * Summary: 
    +---------+---------+----------+----------+-----+-----+---------+
    |  Latency (cycles) |  Latency (absolute) |  Interval | Pipeline|
    |   min   |   max   |    min   |    max   | min | max |   Type  |
    +---------+---------+----------+----------+-----+-----+---------+
    |        ?|        ?|         ?|         ?|    ?|    ?|       no|
    +---------+---------+----------+----------+-----+-----+---------+

    + Detail: 
        * Instance: 
        N/A

        * Loop: 
        +---------------------+---------+---------+----------+-----------+-----------+------+----------+
        |                     |  Latency (cycles) | Iteration|  Initiation Interval  | Trip |          |
        |      Loop Name      |   min   |   max   |  Latency |  achieved |   target  | Count| Pipelined|
        +---------------------+---------+---------+----------+-----------+-----------+------+----------+
        |- loop_horizons      |        ?|        ?|         ?|          -|          -|     ?|        no|
        | + loop_nodes        |        ?|        ?|         ?|          -|          -|   128|        no|
        |  ++ loop_neighbors  |        ?|        ?|         7|          -|          -|     ?|        no|
        |  ++ loop_neighbors  |        ?|        ?|         7|          -|          -|     ?|        no|
        +---------------------+---------+---------+----------+-----------+-----------+------+----------+



================================================================
== Utilization Estimates
================================================================
* Summary: 
+-----------------+---------+------+--------+--------+-----+
|       Name      | BRAM_18K|  DSP |   FF   |   LUT  | URAM|
+-----------------+---------+------+--------+--------+-----+
|DSP              |        -|     -|       -|       -|    -|
|Expression       |        -|     -|       0|    7076|    -|
|FIFO             |        -|     -|       -|       -|    -|
|Instance         |        -|     6|    1140|     648|    -|
|Memory           |        -|     -|       -|       -|    -|
|Multiplexer      |        -|     -|       -|     752|    -|
|Register         |        -|     -|    1402|       -|    -|
+-----------------+---------+------+--------+--------+-----+
|Total            |        0|     6|    2542|    8476|    0|
+-----------------+---------+------+--------+--------+-----+
|Available        |     2060|  2800|  607200|  303600|    0|
+-----------------+---------+------+--------+--------+-----+
|Utilization (%)  |        0|    ~0|      ~0|       2|    0|
+-----------------+---------+------+--------+--------+-----+

+ Detail: 
    * Instance: 
    +------------------------------+---------------------------+---------+----+-----+-----+-----+
    |           Instance           |           Module          | BRAM_18K| DSP|  FF | LUT | URAM|
    +------------------------------+---------------------------+---------+----+-----+-----+-----+
    |mul_64ns_66ns_68_2_1_U2       |mul_64ns_66ns_68_2_1       |        0|   6|  361|  179|    0|
    |urem_64ns_4ns_64_68_seq_1_U1  |urem_64ns_4ns_64_68_seq_1  |        0|   0|  779|  469|    0|
    +------------------------------+---------------------------+---------+----+-----+-----+-----+
    |Total                         |                           |        0|   6| 1140|  648|    0|
    +------------------------------+---------------------------+---------+----+-----+-----+-----+

    * DSP: 
    N/A

    * Memory: 
    N/A

    * FIFO: 
    N/A

    * Expression: 
    +-----------------------+----------+----+---+-----+------------+------------+
    |     Variable Name     | Operation| DSP| FF| LUT | Bitwidth P0| Bitwidth P1|
    +-----------------------+----------+----+---+-----+------------+------------+
    |add_ln21_fu_484_p2     |         +|   0|  0|   71|          64|           1|
    |add_ln28_1_fu_682_p2   |         +|   0|  0|   71|          64|           2|
    |add_ln28_2_fu_820_p2   |         +|   0|  0|   71|          64|           1|
    |add_ln28_3_fu_877_p2   |         +|   0|  0|   71|          64|           2|
    |add_ln28_4_fu_631_p2   |         +|   0|  0|   18|          11|           1|
    |add_ln28_5_fu_826_p2   |         +|   0|  0|   18|          11|           1|
    |add_ln28_fu_625_p2     |         +|   0|  0|   71|          64|           1|
    |add_ln34_1_fu_676_p2   |         +|   0|  0|   71|          64|           1|
    |add_ln34_2_fu_814_p2   |         +|   0|  0|   71|          64|           1|
    |add_ln34_3_fu_871_p2   |         +|   0|  0|   71|          64|           1|
    |add_ln34_fu_619_p2     |         +|   0|  0|   71|          64|           1|
    |empty_fu_490_p2        |         +|   0|  0|   15|           8|           1|
    |n_2_fu_883_p2          |         +|   0|  0|   16|           9|           2|
    |and_ln39_1_fu_987_p2   |       and|   0|  0|  128|         128|         128|
    |and_ln39_2_fu_949_p2   |       and|   0|  0|  128|         128|         128|
    |and_ln39_fu_1021_p2    |       and|   0|  0|    2|           1|           1|
    |grp_fu_453_p2          |      icmp|   0|  0|   11|           8|           7|
    |icmp_ln21_fu_1016_p2   |      icmp|   0|  0|   29|          64|           4|
    |icmp_ln25_1_fu_721_p2  |      icmp|   0|  0|   29|          64|          64|
    |icmp_ln25_fu_522_p2    |      icmp|   0|  0|   29|          64|          64|
    |icmp_ln28_1_fu_574_p2  |      icmp|   0|  0|   29|          64|          64|
    |icmp_ln28_2_fu_763_p2  |      icmp|   0|  0|   29|          64|          64|
    |icmp_ln28_3_fu_636_p2  |      icmp|   0|  0|   29|          64|          64|
    |icmp_ln28_4_fu_769_p2  |      icmp|   0|  0|   29|          64|          64|
    |icmp_ln28_5_fu_831_p2  |      icmp|   0|  0|   29|          64|          64|
    |icmp_ln28_fu_568_p2    |      icmp|   0|  0|   29|          64|          64|
    |icmp_ln39_fu_1010_p2   |      icmp|   0|  0|   29|          64|           1|
    |lshr_ln26_1_fu_743_p2  |      lshr|   0|  0|  950|         256|         256|
    |lshr_ln26_fu_548_p2    |      lshr|   0|  0|  950|         256|         256|
    |lshr_ln29_1_fu_665_p2  |      lshr|   0|  0|  423|         128|         128|
    |lshr_ln29_2_fu_803_p2  |      lshr|   0|  0|  423|         128|         128|
    |lshr_ln29_3_fu_860_p2  |      lshr|   0|  0|  423|         128|         128|
    |lshr_ln29_fu_608_p2    |      lshr|   0|  0|  423|         128|         128|
    |level_counts_1_d0      |        or|   0|  0|  128|         128|         128|
    |n_1_fu_692_p2          |        or|   0|  0|    8|           8|           1|
    |or_ln16_fu_707_p2      |        or|   0|  0|    7|           7|           1|
    |or_ln39_1_fu_965_p2    |        or|   0|  0|  128|         128|         128|
    |shl_ln39_1_fu_997_p2   |       shl|   0|  0|  423|         128|         128|
    |shl_ln39_2_fu_937_p2   |       shl|   0|  0|  423|          64|         128|
    |shl_ln39_3_fu_959_p2   |       shl|   0|  0|  423|         128|         128|
    |shl_ln39_fu_975_p2     |       shl|   0|  0|  423|          64|         128|
    |xor_ln39_1_fu_943_p2   |       xor|   0|  0|  128|         128|           2|
    |xor_ln39_fu_981_p2     |       xor|   0|  0|  128|         128|           2|
    +-----------------------+----------+----+---+-----+------------+------------+
    |Total                  |          |   0|  0| 7076|        3455|        2595|
    +-----------------------+----------+----+---+-----+------------+------------+

    * Multiplexer: 
    +-------------------------+-----+-----------+-----+-----------+
    |           Name          | LUT | Input Size| Bits| Total Bits|
    +-------------------------+-----+-----------+-----+-----------+
    |ap_NS_fsm                |  474|         95|    1|         95|
    |cnt_1_0_reg_302          |    9|          2|   64|        128|
    |cnt_1_ph_reg_346         |    9|          2|   64|        128|
    |cnt_1_reg_358            |    9|          2|   64|        128|
    |cnt_2_0_reg_323          |    9|          2|   64|        128|
    |cnt_2_1_reg_334          |    9|          2|   64|        128|
    |cnt_2_ph_reg_417         |    9|          2|   64|        128|
    |cnt_2_reg_429            |    9|          2|   64|        128|
    |cnt_5_0_reg_373          |    9|          2|   64|        128|
    |cnt_8_0_reg_394          |    9|          2|   64|        128|
    |cnt_8_1_reg_405          |    9|          2|   64|        128|
    |cnt_reg_278              |    9|          2|   64|        128|
    |e_1_0_reg_313            |    9|          2|   64|        128|
    |e_4_0_reg_384            |    9|          2|   64|        128|
    |edges_address0           |   21|          5|   11|         55|
    |horizon_fu_112           |    9|          2|   64|        128|
    |level_address0           |   49|         12|    8|         96|
    |level_counts_0_address0  |   21|          5|    2|         10|
    |level_counts_0_d0        |   13|          3|  128|        384|
    |level_counts_1_address0  |   13|          3|    2|          6|
    |level_d0                 |   13|          3|    8|         24|
    |n_reg_290                |    9|          2|    9|         18|
    |nodes_address0           |   13|          3|    7|         21|
    +-------------------------+-----+-----------+-----+-----------+
    |Total                    |  752|        159| 1072|       2501|
    +-------------------------+-----+-----------+-----+-----------+

    * Register: 
    +--------------------------------+----+----+-----+-----------+
    |              Name              | FF | LUT| Bits| Const Bits|
    +--------------------------------+----+----+-----+-----------+
    |add_ln21_reg_1046               |  64|   0|   64|          0|
    |add_ln28_1_reg_1143             |  64|   0|   64|          0|
    |add_ln28_3_reg_1229             |  64|   0|   64|          0|
    |ap_CS_fsm                       |  94|   0|   94|          0|
    |cnt_1_0_reg_302                 |  64|   0|   64|          0|
    |cnt_1_ph_reg_346                |  64|   0|   64|          0|
    |cnt_1_reg_358                   |  64|   0|   64|          0|
    |cnt_2_0_reg_323                 |  64|   0|   64|          0|
    |cnt_2_1_reg_334                 |  64|   0|   64|          0|
    |cnt_2_ph_reg_417                |  64|   0|   64|          0|
    |cnt_2_reg_429                   |  64|   0|   64|          0|
    |cnt_5_0_reg_373                 |  64|   0|   64|          0|
    |cnt_8_0_reg_394                 |  64|   0|   64|          0|
    |cnt_8_1_reg_405                 |  64|   0|   64|          0|
    |cnt_reg_278                     |  64|   0|   64|          0|
    |e_1_0_reg_313                   |  64|   0|   64|          0|
    |e_4_0_reg_384                   |  64|   0|   64|          0|
    |empty_reg_1054                  |   8|   0|    8|          0|
    |horizon_fu_112                  |  64|   0|   64|          0|
    |icmp_ln25_1_reg_1153            |   1|   0|    1|          0|
    |icmp_ln25_reg_1067              |   1|   0|    1|          0|
    |icmp_ln28_2_reg_1173            |   1|   0|    1|          0|
    |icmp_ln28_reg_1087              |   1|   0|    1|          0|
    |level_addr_2_reg_1104           |   8|   0|    8|          0|
    |level_addr_4_reg_1130           |   8|   0|    8|          0|
    |level_addr_5_reg_1190           |   8|   0|    8|          0|
    |level_addr_6_reg_1216           |   8|   0|    8|          0|
    |level_counts_0_addr_1_reg_1254  |   2|   0|    2|          0|
    |level_counts_1_addr_reg_1259    |   2|   0|    2|          0|
    |n_2_reg_1234                    |   9|   0|    9|          0|
    |n_reg_290                       |   9|   0|    9|          0|
    |shl_ln_reg_1244                 |   1|   0|    7|          6|
    |tmp_11_reg_1206                 |   1|   0|    1|          0|
    |tmp_2_reg_1250                  |   1|   0|    1|          0|
    |tmp_6_reg_1120                  |   1|   0|    1|          0|
    |tmp_end_1_reg_1167              |  64|   0|   64|          0|
    |tmp_end_reg_1081                |  64|   0|   64|          0|
    |trunc_ln28_1_reg_1180           |  11|   0|   11|          0|
    |trunc_ln28_reg_1094             |  11|   0|   11|          0|
    +--------------------------------+----+----+-----+-----------+
    |Total                           |1402|   0| 1408|          6|
    +--------------------------------+----+----+-----+-----------+



================================================================
== Interface
================================================================
* Summary: 
+-------------------------+-----+-----+------------+----------------+--------------+
|        RTL Ports        | Dir | Bits|  Protocol  |  Source Object |    C Type    |
+-------------------------+-----+-----+------------+----------------+--------------+
|ap_clk                   |   in|    1|  ap_ctrl_hs|             bfs|  return value|
|ap_rst                   |   in|    1|  ap_ctrl_hs|             bfs|  return value|
|ap_start                 |   in|    1|  ap_ctrl_hs|             bfs|  return value|
|ap_done                  |  out|    1|  ap_ctrl_hs|             bfs|  return value|
|ap_idle                  |  out|    1|  ap_ctrl_hs|             bfs|  return value|
|ap_ready                 |  out|    1|  ap_ctrl_hs|             bfs|  return value|
|nodes_address0           |  out|    7|   ap_memory|           nodes|         array|
|nodes_ce0                |  out|    1|   ap_memory|           nodes|         array|
|nodes_q0                 |   in|  256|   ap_memory|           nodes|         array|
|edges_address0           |  out|   11|   ap_memory|           edges|         array|
|edges_ce0                |  out|    1|   ap_memory|           edges|         array|
|edges_q0                 |   in|  128|   ap_memory|           edges|         array|
|starting_node            |   in|   64|     ap_none|   starting_node|        scalar|
|level_address0           |  out|    8|   ap_memory|           level|         array|
|level_ce0                |  out|    1|   ap_memory|           level|         array|
|level_we0                |  out|    1|   ap_memory|           level|         array|
|level_d0                 |  out|    8|   ap_memory|           level|         array|
|level_q0                 |   in|    8|   ap_memory|           level|         array|
|level_counts_0_address0  |  out|    2|   ap_memory|  level_counts_0|         array|
|level_counts_0_ce0       |  out|    1|   ap_memory|  level_counts_0|         array|
|level_counts_0_we0       |  out|    1|   ap_memory|  level_counts_0|         array|
|level_counts_0_d0        |  out|  128|   ap_memory|  level_counts_0|         array|
|level_counts_0_q0        |   in|  128|   ap_memory|  level_counts_0|         array|
|level_counts_1_address0  |  out|    2|   ap_memory|  level_counts_1|         array|
|level_counts_1_ce0       |  out|    1|   ap_memory|  level_counts_1|         array|
|level_counts_1_we0       |  out|    1|   ap_memory|  level_counts_1|         array|
|level_counts_1_d0        |  out|  128|   ap_memory|  level_counts_1|         array|
|level_counts_1_q0        |   in|  128|   ap_memory|  level_counts_1|         array|
+-------------------------+-----+-----+------------+----------------+--------------+

