

================================================================
== Vitis HLS Report for 'bfs'
================================================================
* Date:           Mon Mar 10 00:20:07 2025

* Version:        2022.1 (Build 3526262 on Mon Apr 18 15:47:01 MDT 2022)
* Project:        bfs_random_prj_p1
* Solution:       solution (Vivado IP Flow Target)
* Product family: virtex7
* Target device:  xc7vx485t-ffg1761-2


================================================================
== Performance Estimates
================================================================
+ Timing: 
    * Summary: 
    +--------+----------+----------+------------+
    |  Clock |  Target  | Estimated| Uncertainty|
    +--------+----------+----------+------------+
    |ap_clk  |  10.00 ns|  6.237 ns|     2.70 ns|
    +--------+----------+----------+------------+

+ Latency: 
    * Summary: 
    +---------+---------+----------+----------+-----+-----+---------+
    |  Latency (cycles) |  Latency (absolute) |  Interval | Pipeline|
    |   min   |   max   |    min   |    max   | min | max |   Type  |
    +---------+---------+----------+----------+-----+-----+---------+
    |        ?|        ?|         ?|         ?|    ?|    ?|       no|
    +---------+---------+----------+----------+-----+-----+---------+

    + Detail: 
        * Instance: 
        N/A

        * Loop: 
        +---------------------+---------+---------+----------+-----------+-----------+-------+----------+
        |                     |  Latency (cycles) | Iteration|  Initiation Interval  |  Trip |          |
        |      Loop Name      |   min   |   max   |  Latency |  achieved |   target  | Count | Pipelined|
        +---------------------+---------+---------+----------+-----------+-----------+-------+----------+
        |- loop_horizons      |        ?|        ?|         ?|          -|          -|  1 ~ 5|        no|
        | + loop_nodes        |        ?|        ?|         ?|          -|          -|    256|        no|
        |  ++ loop_neighbors  |        ?|        ?|         8|          -|          -|      ?|        no|
        | + loop_nodes        |        ?|        ?|         ?|          -|          -|    256|        no|
        |  ++ loop_neighbors  |        ?|        ?|         7|          -|          -|      ?|        no|
        +---------------------+---------+---------+----------+-----------+-----------+-------+----------+



================================================================
== Utilization Estimates
================================================================
* Summary: 
+-----------------+---------+------+--------+--------+-----+
|       Name      | BRAM_18K|  DSP |   FF   |   LUT  | URAM|
+-----------------+---------+------+--------+--------+-----+
|DSP              |        -|     -|       -|       -|    -|
|Expression       |        -|     -|       0|    4384|    -|
|FIFO             |        -|     -|       -|       -|    -|
|Instance         |        -|     -|       0|      90|    -|
|Memory           |        -|     -|       -|       -|    -|
|Multiplexer      |        -|     -|       -|     534|    -|
|Register         |        -|     -|    1862|       -|    -|
+-----------------+---------+------+--------+--------+-----+
|Total            |        0|     0|    1862|    5008|    0|
+-----------------+---------+------+--------+--------+-----+
|Available        |     2060|  2800|  607200|  303600|    0|
+-----------------+---------+------+--------+--------+-----+
|Utilization (%)  |        0|     0|      ~0|       1|    0|
+-----------------+---------+------+--------+--------+-----+

+ Detail: 
    * Instance: 
    +-------------------+----------------+---------+----+---+----+-----+
    |      Instance     |     Module     | BRAM_18K| DSP| FF| LUT| URAM|
    +-------------------+----------------+---------+----+---+----+-----+
    |mux_21_8_1_1_U1    |mux_21_8_1_1    |        0|   0|  0|   9|    0|
    |mux_21_8_1_1_U6    |mux_21_8_1_1    |        0|   0|  0|   9|    0|
    |mux_253_64_1_1_U2  |mux_253_64_1_1  |        0|   0|  0|   9|    0|
    |mux_253_64_1_1_U4  |mux_253_64_1_1  |        0|   0|  0|   9|    0|
    |mux_253_64_1_1_U7  |mux_253_64_1_1  |        0|   0|  0|   9|    0|
    |mux_253_64_1_1_U9  |mux_253_64_1_1  |        0|   0|  0|   9|    0|
    |mux_257_8_1_1_U3   |mux_257_8_1_1   |        0|   0|  0|   9|    0|
    |mux_257_8_1_1_U5   |mux_257_8_1_1   |        0|   0|  0|   9|    0|
    |mux_257_8_1_1_U8   |mux_257_8_1_1   |        0|   0|  0|   9|    0|
    |mux_257_8_1_1_U10  |mux_257_8_1_1   |        0|   0|  0|   9|    0|
    +-------------------+----------------+---------+----+---+----+-----+
    |Total              |                |        0|   0|  0|  90|    0|
    +-------------------+----------------+---------+----+---+----+-----+

    * DSP: 
    N/A

    * Memory: 
    N/A

    * FIFO: 
    N/A

    * Expression: 
    +-------------------------+----------+----+---+-----+------------+------------+
    |      Variable Name      | Operation| DSP| FF| LUT | Bitwidth P0| Bitwidth P1|
    +-------------------------+----------+----+---+-----+------------+------------+
    |add_ln21_fu_691_p2       |         +|   0|  0|   13|           4|           2|
    |add_ln28_1_fu_1220_p2    |         +|   0|  0|   71|          64|           1|
    |add_ln28_2_fu_997_p2     |         +|   0|  0|   71|          64|           2|
    |add_ln28_3_fu_1365_p2    |         +|   0|  0|   71|          64|           2|
    |add_ln28_4_fu_862_p2     |         +|   0|  0|   18|          11|           1|
    |add_ln28_5_fu_1230_p2    |         +|   0|  0|   18|          11|           1|
    |add_ln28_fu_852_p2       |         +|   0|  0|   71|          64|           1|
    |add_ln34_1_fu_1213_p2    |         +|   0|  0|   71|          64|           1|
    |add_ln34_2_fu_990_p2     |         +|   0|  0|   71|          64|           1|
    |add_ln34_3_fu_1358_p2    |         +|   0|  0|   71|          64|           1|
    |add_ln34_fu_846_p2       |         +|   0|  0|   71|          64|           1|
    |add_ln39_fu_1037_p2      |         +|   0|  0|   14|           7|           4|
    |n_2_fu_654_p2            |         +|   0|  0|   16|           9|           1|
    |n_3_fu_1017_p2           |         +|   0|  0|   16|           9|           1|
    |icmp_ln21_fu_624_p2      |      icmp|   0|  0|    9|           4|           4|
    |icmp_ln24_1_fu_1011_p2   |      icmp|   0|  0|   11|           9|          10|
    |icmp_ln24_fu_648_p2      |      icmp|   0|  0|   11|           9|          10|
    |icmp_ln25_1_fu_1076_p2   |      icmp|   0|  0|   11|           8|           8|
    |icmp_ln25_fu_709_p2      |      icmp|   0|  0|   11|           8|           8|
    |icmp_ln28_1_fu_724_p2    |      icmp|   0|  0|   29|          64|          64|
    |icmp_ln28_2_fu_1085_p2   |      icmp|   0|  0|   29|          64|          64|
    |icmp_ln28_3_fu_1091_p2   |      icmp|   0|  0|   29|          64|          64|
    |icmp_ln28_4_fu_873_p2    |      icmp|   0|  0|   29|          64|          64|
    |icmp_ln28_5_fu_1241_p2   |      icmp|   0|  0|   29|          64|          64|
    |icmp_ln28_fu_718_p2      |      icmp|   0|  0|   29|          64|          64|
    |icmp_ln32_1_fu_1200_p2   |      icmp|   0|  0|   11|           8|           7|
    |icmp_ln32_2_fu_977_p2    |      icmp|   0|  0|   11|           8|           7|
    |icmp_ln32_3_fu_1345_p2   |      icmp|   0|  0|   11|           8|           7|
    |icmp_ln32_fu_833_p2      |      icmp|   0|  0|   11|           8|           7|
    |icmp_ln39_1_fu_1057_p2   |      icmp|   0|  0|   29|          64|           1|
    |icmp_ln39_fu_685_p2      |      icmp|   0|  0|   29|          64|           1|
    |lshr_ln29_10_fu_1298_p2  |      lshr|   0|  0|  423|         128|         128|
    |lshr_ln29_1_fu_776_p2    |      lshr|   0|  0|  423|         128|         128|
    |lshr_ln29_3_fu_1129_p2   |      lshr|   0|  0|  423|         128|         128|
    |lshr_ln29_5_fu_1143_p2   |      lshr|   0|  0|  423|         128|         128|
    |lshr_ln29_7_fu_916_p2    |      lshr|   0|  0|  423|         128|         128|
    |lshr_ln29_8_fu_930_p2    |      lshr|   0|  0|  423|         128|         128|
    |lshr_ln29_9_fu_1284_p2   |      lshr|   0|  0|  423|         128|         128|
    |lshr_ln29_fu_762_p2      |      lshr|   0|  0|  423|         128|         128|
    |conv20_fu_630_p2         |        or|   0|  0|    4|           4|           1|
    |xor_ln28_1_fu_1236_p2    |       xor|   0|  0|    2|           1|           2|
    |xor_ln28_fu_868_p2       |       xor|   0|  0|    2|           1|           2|
    +-------------------------+----------+----+---+-----+------------+------------+
    |Total                    |          |   0|  0| 4384|        2175|        1503|
    +-------------------------+----------+----+---+-----+------------+------------+

    * Multiplexer: 
    +----------------------------------+-----+-----------+-----+-----------+
    |               Name               | LUT | Input Size| Bits| Total Bits|
    +----------------------------------+-----+-----------+-----+-----------+
    |ap_NS_fsm                         |  139|         28|    1|         28|
    |ap_phi_mux_cnt_2_1_phi_fu_448_p4  |   13|          3|   64|        192|
    |ap_phi_mux_cnt_9_0_phi_fu_532_p4  |   13|          3|   64|        192|
    |ap_phi_mux_cnt_9_1_phi_fu_544_p4  |   13|          3|   64|        192|
    |cnt_1_reg_484                     |    9|          2|   64|        128|
    |cnt_2_0_reg_433                   |    9|          2|   64|        128|
    |cnt_2_ph_reg_456                  |    9|          2|   64|        128|
    |cnt_2_reg_468                     |    9|          2|   64|        128|
    |cnt_3_ph_reg_552                  |    9|          2|   64|        128|
    |cnt_3_reg_564                     |    9|          2|   64|        128|
    |cnt_4_0_reg_412                   |    9|          2|   64|        128|
    |cnt_5_0_reg_508                   |    9|          2|   64|        128|
    |cnt_9_0_reg_529                   |    9|          2|   64|        128|
    |cnt_reg_388                       |    9|          2|   64|        128|
    |e_2_0_reg_423                     |    9|          2|   64|        128|
    |e_3_0_reg_519                     |    9|          2|   64|        128|
    |edges_0_address0                  |   21|          5|   10|         50|
    |edges_1_address0                  |   21|          5|   10|         50|
    |horizon_fu_128                    |    9|          2|    4|          8|
    |level_0_address0                  |   49|         12|    7|         84|
    |level_0_d0                        |   17|          4|    8|         32|
    |level_1_address0                  |   49|         12|    7|         84|
    |level_1_d0                        |   17|          4|    8|         32|
    |level_counts_address0             |   17|          4|    4|         16|
    |level_counts_d0                   |   17|          4|   64|        256|
    |n_1_reg_497                       |    9|          2|    9|         18|
    |n_reg_401                         |    9|          2|    9|         18|
    |nodes_address0                    |   13|          3|    8|         24|
    +----------------------------------+-----+-----------+-----+-----------+
    |Total                             |  534|        120| 1109|       2812|
    +----------------------------------+-----+-----------+-----+-----------+

    * Register: 
    +-------------------------+----+----+-----+-----------+
    |           Name          | FF | LUT| Bits| Const Bits|
    +-------------------------+----+----+-----+-----------+
    |add_ln21_reg_1443        |   4|   0|    4|          0|
    |ap_CS_fsm                |  27|   0|   27|          0|
    |cnt_1_reg_484            |  64|   0|   64|          0|
    |cnt_2_0_reg_433          |  64|   0|   64|          0|
    |cnt_2_ph_reg_456         |  64|   0|   64|          0|
    |cnt_2_reg_468            |  64|   0|   64|          0|
    |cnt_3_ph_reg_552         |  64|   0|   64|          0|
    |cnt_3_reg_564            |  64|   0|   64|          0|
    |cnt_4_0_reg_412          |  64|   0|   64|          0|
    |cnt_5_0_reg_508          |  64|   0|   64|          0|
    |cnt_9_0_reg_529          |  64|   0|   64|          0|
    |cnt_reg_388              |  64|   0|   64|          0|
    |conv20_reg_1393          |   3|   0|    4|          1|
    |e_2_0_reg_423            |  64|   0|   64|          0|
    |e_3_0_reg_519            |  64|   0|   64|          0|
    |horizon_fu_128           |   4|   0|    4|          0|
    |icmp_ln21_reg_1389       |   1|   0|    1|          0|
    |icmp_ln39_reg_1439       |   1|   0|    1|          0|
    |level_0_addr_3_reg_1508  |   7|   0|    7|          0|
    |level_0_addr_4_reg_1673  |   7|   0|    7|          0|
    |level_0_addr_5_reg_1567  |   7|   0|    7|          0|
    |level_0_addr_6_reg_1727  |   7|   0|    7|          0|
    |level_1_addr_3_reg_1513  |   7|   0|    7|          0|
    |level_1_addr_4_reg_1678  |   7|   0|    7|          0|
    |level_1_addr_5_reg_1572  |   7|   0|    7|          0|
    |level_1_addr_6_reg_1732  |   7|   0|    7|          0|
    |lshr_ln29_4_reg_1537     |  53|   0|   53|          0|
    |lshr_ln29_6_reg_1697     |  53|   0|   53|          0|
    |lshr_ln30_1_reg_1668     |  57|   0|   57|          0|
    |lshr_ln30_2_reg_1562     |  57|   0|   57|          0|
    |lshr_ln30_3_reg_1722     |  57|   0|   57|          0|
    |lshr_ln3_reg_1503        |  57|   0|   57|          0|
    |n_1_reg_497              |   9|   0|    9|          0|
    |n_2_reg_1414             |   9|   0|    9|          0|
    |n_3_reg_1596             |   9|   0|    9|          0|
    |n_reg_401                |   9|   0|    9|          0|
    |reg_590                  |  64|   0|   64|          0|
    |shl_ln_reg_1434          |   3|   0|    7|          4|
    |tmp_3_reg_1419           |   1|   0|    1|          0|
    |tmp_4_reg_1601           |   1|   0|    1|          0|
    |tmp_dst_1_1_reg_1712     |  64|   0|   64|          0|
    |tmp_dst_1_reg_1663       |  64|   0|   64|          0|
    |tmp_dst_reg_1498         |  64|   0|   64|          0|
    |tmp_dst_s_reg_1552       |  64|   0|   64|          0|
    |trunc_ln29_4_reg_1488    |  64|   0|   64|          0|
    |trunc_ln29_5_reg_1493    |  64|   0|   64|          0|
    |trunc_ln29_6_reg_1648    |   1|   0|    1|          0|
    |trunc_ln29_7_reg_1653    |  64|   0|   64|          0|
    |trunc_ln29_8_reg_1658    |  64|   0|   64|          0|
    |trunc_ln29_reg_1483      |   1|   0|    1|          0|
    |trunc_ln30_2_reg_1557    |   7|   0|    7|          0|
    |trunc_ln30_3_reg_1717    |   7|   0|    7|          0|
    |xor_ln28_1_reg_1689      |   1|   0|    1|          0|
    |xor_ln28_reg_1529        |   1|   0|    1|          0|
    |zext_ln21_reg_1384       |   4|   0|    8|          4|
    |zext_ln24_1_reg_1406     |   9|   0|   64|         55|
    |zext_ln24_2_reg_1448     |   4|   0|    8|          4|
    |zext_ln24_3_reg_1588     |   9|   0|   64|         55|
    |zext_ln24_reg_1399       |   3|   0|    8|          5|
    +-------------------------+----+----+-----+-----------+
    |Total                    |1862|   0| 1990|        128|
    +-------------------------+----+----+-----+-----------+



================================================================
== Interface
================================================================
* Summary: 
+-----------------------+-----+-----+------------+---------------+--------------+
|       RTL Ports       | Dir | Bits|  Protocol  | Source Object |    C Type    |
+-----------------------+-----+-----+------------+---------------+--------------+
|ap_clk                 |   in|    1|  ap_ctrl_hs|            bfs|  return value|
|ap_rst                 |   in|    1|  ap_ctrl_hs|            bfs|  return value|
|ap_start               |   in|    1|  ap_ctrl_hs|            bfs|  return value|
|ap_done                |  out|    1|  ap_ctrl_hs|            bfs|  return value|
|ap_idle                |  out|    1|  ap_ctrl_hs|            bfs|  return value|
|ap_ready               |  out|    1|  ap_ctrl_hs|            bfs|  return value|
|nodes_address0         |  out|    8|   ap_memory|          nodes|         array|
|nodes_ce0              |  out|    1|   ap_memory|          nodes|         array|
|nodes_q0               |   in|  128|   ap_memory|          nodes|         array|
|edges_0_address0       |  out|   10|   ap_memory|        edges_0|         array|
|edges_0_ce0            |  out|    1|   ap_memory|        edges_0|         array|
|edges_0_q0             |   in|  128|   ap_memory|        edges_0|         array|
|edges_1_address0       |  out|   10|   ap_memory|        edges_1|         array|
|edges_1_ce0            |  out|    1|   ap_memory|        edges_1|         array|
|edges_1_q0             |   in|  128|   ap_memory|        edges_1|         array|
|starting_node          |   in|   64|     ap_none|  starting_node|        scalar|
|level_0_address0       |  out|    7|   ap_memory|        level_0|         array|
|level_0_ce0            |  out|    1|   ap_memory|        level_0|         array|
|level_0_we0            |  out|    1|   ap_memory|        level_0|         array|
|level_0_d0             |  out|    8|   ap_memory|        level_0|         array|
|level_0_q0             |   in|    8|   ap_memory|        level_0|         array|
|level_1_address0       |  out|    7|   ap_memory|        level_1|         array|
|level_1_ce0            |  out|    1|   ap_memory|        level_1|         array|
|level_1_we0            |  out|    1|   ap_memory|        level_1|         array|
|level_1_d0             |  out|    8|   ap_memory|        level_1|         array|
|level_1_q0             |   in|    8|   ap_memory|        level_1|         array|
|level_counts_address0  |  out|    4|   ap_memory|   level_counts|         array|
|level_counts_ce0       |  out|    1|   ap_memory|   level_counts|         array|
|level_counts_we0       |  out|    1|   ap_memory|   level_counts|         array|
|level_counts_d0        |  out|   64|   ap_memory|   level_counts|         array|
+-----------------------+-----+-----+------------+---------------+--------------+

