

================================================================
== Vitis HLS Report for 'bfs'
================================================================
* Date:           Mon Mar 10 00:10:57 2025

* Version:        2022.1 (Build 3526262 on Mon Apr 18 15:47:01 MDT 2022)
* Project:        bfs_random_prj_p1
* Solution:       solution (Vivado IP Flow Target)
* Product family: virtex7
* Target device:  xc7vx485t-ffg1761-2


================================================================
== Performance Estimates
================================================================
+ Timing: 
    * Summary: 
    +--------+----------+----------+------------+
    |  Clock |  Target  | Estimated| Uncertainty|
    +--------+----------+----------+------------+
    |ap_clk  |  10.00 ns|  5.499 ns|     2.70 ns|
    +--------+----------+----------+------------+

+ Latency: 
    * Summary: 
    +---------+---------+----------+----------+-----+-----+---------+
    |  Latency (cycles) |  Latency (absolute) |  Interval | Pipeline|
    |   min   |   max   |    min   |    max   | min | max |   Type  |
    +---------+---------+----------+----------+-----+-----+---------+
    |        ?|        ?|         ?|         ?|    ?|    ?|       no|
    +---------+---------+----------+----------+-----+-----+---------+

    + Detail: 
        * Instance: 
        +----------------------------------------+-----------------------------+---------+---------+----------+----------+-----+-----+---------+
        |                                        |                             |  Latency (cycles) |  Latency (absolute) |  Interval | Pipeline|
        |                Instance                |            Module           |   min   |   max   |    min   |    max   | min | max |   Type  |
        +----------------------------------------+-----------------------------+---------+---------+----------+----------+-----+-----+---------+
        |grp_bfs_Pipeline_loop_neighbors_fu_210  |bfs_Pipeline_loop_neighbors  |        ?|        ?|         ?|         ?|    ?|    ?|       no|
        +----------------------------------------+-----------------------------+---------+---------+----------+----------+-----+-----+---------+

        * Loop: 
        +-----------------+---------+---------+----------+-----------+-----------+------+----------+
        |                 |  Latency (cycles) | Iteration|  Initiation Interval  | Trip |          |
        |    Loop Name    |   min   |   max   |  Latency |  achieved |   target  | Count| Pipelined|
        +-----------------+---------+---------+----------+-----------+-----------+------+----------+
        |- loop_horizons  |        ?|        ?|         ?|          -|          -|     ?|        no|
        | + loop_nodes    |        ?|        ?|         ?|          -|          -|   256|        no|
        +-----------------+---------+---------+----------+-----------+-----------+------+----------+



================================================================
== Utilization Estimates
================================================================
* Summary: 
+-----------------+---------+------+--------+--------+-----+
|       Name      | BRAM_18K|  DSP |   FF   |   LUT  | URAM|
+-----------------+---------+------+--------+--------+-----+
|DSP              |        -|     -|       -|       -|    -|
|Expression       |        -|     -|       0|    2164|    -|
|FIFO             |        -|     -|       -|       -|    -|
|Instance         |        -|     -|     413|     539|    -|
|Memory           |        -|     -|       -|       -|    -|
|Multiplexer      |        -|     -|       -|     164|    -|
|Register         |        -|     -|     616|       -|    -|
+-----------------+---------+------+--------+--------+-----+
|Total            |        0|     0|    1029|    2867|    0|
+-----------------+---------+------+--------+--------+-----+
|Available        |     2060|  2800|  607200|  303600|    0|
+-----------------+---------+------+--------+--------+-----+
|Utilization (%)  |        0|     0|      ~0|      ~0|    0|
+-----------------+---------+------+--------+--------+-----+

+ Detail: 
    * Instance: 
    +----------------------------------------+-----------------------------+---------+----+-----+-----+-----+
    |                Instance                |            Module           | BRAM_18K| DSP|  FF | LUT | URAM|
    +----------------------------------------+-----------------------------+---------+----+-----+-----+-----+
    |grp_bfs_Pipeline_loop_neighbors_fu_210  |bfs_Pipeline_loop_neighbors  |        0|   0|  413|  521|    0|
    |mux_21_64_1_1_U13                       |mux_21_64_1_1                |        0|   0|    0|    9|    0|
    |mux_21_64_1_1_U14                       |mux_21_64_1_1                |        0|   0|    0|    9|    0|
    +----------------------------------------+-----------------------------+---------+----+-----+-----+-----+
    |Total                                   |                             |        0|   0|  413|  539|    0|
    +----------------------------------------+-----------------------------+---------+----+-----+-----+-----+

    * DSP: 
    N/A

    * Memory: 
    N/A

    * FIFO: 
    N/A

    * Expression: 
    +-----------------------+----------+----+---+-----+------------+------------+
    |     Variable Name     | Operation| DSP| FF| LUT | Bitwidth P0| Bitwidth P1|
    +-----------------------+----------+----+---+-----+------------+------------+
    |add_ln21_fu_239_p2     |         +|   0|  0|   71|          64|           1|
    |empty_fu_245_p2        |         +|   0|  0|   15|           8|           1|
    |n_1_fu_257_p2          |         +|   0|  0|   16|           9|           1|
    |icmp_ln24_fu_251_p2    |      icmp|   0|  0|   11|           9|          10|
    |icmp_ln25_fu_290_p2    |      icmp|   0|  0|   29|          64|          64|
    |icmp_ln28_fu_390_p2    |      icmp|   0|  0|   29|          64|          64|
    |icmp_ln39_fu_268_p2    |      icmp|   0|  0|   29|          64|           1|
    |lshr_ln26_1_fu_342_p2  |      lshr|   0|  0|  950|         256|         256|
    |lshr_ln26_fu_328_p2    |      lshr|   0|  0|  950|         256|         256|
    |select_ln28_fu_400_p3  |    select|   0|  0|   64|           1|          64|
    +-----------------------+----------+----+---+-----+------------+------------+
    |Total                  |          |   0|  0| 2164|         795|         718|
    +-----------------------+----------+----+---+-----+------------+------------+

    * Multiplexer: 
    +--------------------------------+----+-----------+-----+-----------+
    |              Name              | LUT| Input Size| Bits| Total Bits|
    +--------------------------------+----+-----------+-----+-----------+
    |ap_NS_fsm                       |  37|          9|    1|          9|
    |ap_phi_mux_cnt_1_phi_fu_199_p6  |   9|          2|   64|        128|
    |cnt_1_reg_195                   |   9|          2|   64|        128|
    |cnt_reg_170                     |   9|          2|   64|        128|
    |horizon_fu_80                   |   9|          2|   64|        128|
    |level_address0                  |  17|          4|    8|         32|
    |level_ce0                       |  13|          3|    1|          3|
    |level_counts_address0           |  13|          3|    4|         12|
    |level_counts_d0                 |  13|          3|   64|        192|
    |level_d0                        |  13|          3|    8|         24|
    |level_we0                       |  13|          3|    1|          3|
    |n_reg_183                       |   9|          2|    9|         18|
    +--------------------------------+----+-----------+-----+-----------+
    |Total                           | 164|         38|  352|        805|
    +--------------------------------+----+-----------+-----+-----------+

    * Register: 
    +-----------------------------------------------------+----+----+-----+-----------+
    |                         Name                        | FF | LUT| Bits| Const Bits|
    +-----------------------------------------------------+----+----+-----+-----------+
    |add_ln21_reg_432                                     |  64|   0|   64|          0|
    |ap_CS_fsm                                            |   8|   0|    8|          0|
    |cnt_1_0_loc_fu_88                                    |  64|   0|   64|          0|
    |cnt_1_reg_195                                        |  64|   0|   64|          0|
    |cnt_2_0_loc_fu_84                                    |  64|   0|   64|          0|
    |cnt_reg_170                                          |  64|   0|   64|          0|
    |empty_reg_438                                        |   8|   0|    8|          0|
    |grp_bfs_Pipeline_loop_neighbors_fu_210_ap_start_reg  |   1|   0|    1|          0|
    |horizon_1_reg_427                                    |  64|   0|   64|          0|
    |horizon_fu_80                                        |  64|   0|   64|          0|
    |icmp_ln25_reg_459                                    |   1|   0|    1|          0|
    |icmp_ln28_reg_496                                    |   1|   0|    1|          0|
    |n_1_reg_446                                          |   9|   0|    9|          0|
    |n_reg_183                                            |   9|   0|    9|          0|
    |targetBlock_reg_500                                  |   1|   0|    1|          0|
    |tmp_1_reg_469                                        |   1|   0|    1|          0|
    |tmp_begin_reg_484                                    |  64|   0|   64|          0|
    |tmp_end_reg_490                                      |  64|   0|   64|          0|
    |tmp_reg_463                                          |   1|   0|    1|          0|
    +-----------------------------------------------------+----+----+-----+-----------+
    |Total                                                | 616|   0|  616|          0|
    +-----------------------------------------------------+----+----+-----+-----------+



================================================================
== Interface
================================================================
* Summary: 
+-----------------------+-----+-----+------------+---------------+--------------+
|       RTL Ports       | Dir | Bits|  Protocol  | Source Object |    C Type    |
+-----------------------+-----+-----+------------+---------------+--------------+
|ap_clk                 |   in|    1|  ap_ctrl_hs|            bfs|  return value|
|ap_rst                 |   in|    1|  ap_ctrl_hs|            bfs|  return value|
|ap_start               |   in|    1|  ap_ctrl_hs|            bfs|  return value|
|ap_done                |  out|    1|  ap_ctrl_hs|            bfs|  return value|
|ap_idle                |  out|    1|  ap_ctrl_hs|            bfs|  return value|
|ap_ready               |  out|    1|  ap_ctrl_hs|            bfs|  return value|
|nodes_0_address0       |  out|    6|   ap_memory|        nodes_0|         array|
|nodes_0_ce0            |  out|    1|   ap_memory|        nodes_0|         array|
|nodes_0_q0             |   in|  256|   ap_memory|        nodes_0|         array|
|nodes_1_address0       |  out|    6|   ap_memory|        nodes_1|         array|
|nodes_1_ce0            |  out|    1|   ap_memory|        nodes_1|         array|
|nodes_1_q0             |   in|  256|   ap_memory|        nodes_1|         array|
|edges_0_address0       |  out|   11|   ap_memory|        edges_0|         array|
|edges_0_ce0            |  out|    1|   ap_memory|        edges_0|         array|
|edges_0_q0             |   in|   64|   ap_memory|        edges_0|         array|
|edges_0_address1       |  out|   11|   ap_memory|        edges_0|         array|
|edges_0_ce1            |  out|    1|   ap_memory|        edges_0|         array|
|edges_0_q1             |   in|   64|   ap_memory|        edges_0|         array|
|edges_1_address0       |  out|   11|   ap_memory|        edges_1|         array|
|edges_1_ce0            |  out|    1|   ap_memory|        edges_1|         array|
|edges_1_q0             |   in|   64|   ap_memory|        edges_1|         array|
|edges_1_address1       |  out|   11|   ap_memory|        edges_1|         array|
|edges_1_ce1            |  out|    1|   ap_memory|        edges_1|         array|
|edges_1_q1             |   in|   64|   ap_memory|        edges_1|         array|
|starting_node          |   in|   64|     ap_none|  starting_node|        scalar|
|level_address0         |  out|    8|   ap_memory|          level|         array|
|level_ce0              |  out|    1|   ap_memory|          level|         array|
|level_we0              |  out|    1|   ap_memory|          level|         array|
|level_d0               |  out|    8|   ap_memory|          level|         array|
|level_q0               |   in|    8|   ap_memory|          level|         array|
|level_counts_address0  |  out|    4|   ap_memory|   level_counts|         array|
|level_counts_ce0       |  out|    1|   ap_memory|   level_counts|         array|
|level_counts_we0       |  out|    1|   ap_memory|   level_counts|         array|
|level_counts_d0        |  out|   64|   ap_memory|   level_counts|         array|
+-----------------------+-----+-----+------------+---------------+--------------+

