

================================================================
== Vitis HLS Report for 'bfs'
================================================================
* Date:           Mon Mar 10 00:18:29 2025

* Version:        2022.1 (Build 3526262 on Mon Apr 18 15:47:01 MDT 2022)
* Project:        bfs_random_prj_p1
* Solution:       solution (Vivado IP Flow Target)
* Product family: virtex7
* Target device:  xc7vx485t-ffg1761-2


================================================================
== Performance Estimates
================================================================
+ Timing: 
    * Summary: 
    +--------+----------+----------+------------+
    |  Clock |  Target  | Estimated| Uncertainty|
    +--------+----------+----------+------------+
    |ap_clk  |  10.00 ns|  6.900 ns|     2.70 ns|
    +--------+----------+----------+------------+

+ Latency: 
    * Summary: 
    +---------+---------+----------+----------+-----+-----+---------+
    |  Latency (cycles) |  Latency (absolute) |  Interval | Pipeline|
    |   min   |   max   |    min   |    max   | min | max |   Type  |
    +---------+---------+----------+----------+-----+-----+---------+
    |        ?|        ?|         ?|         ?|    ?|    ?|       no|
    +---------+---------+----------+----------+-----+-----+---------+

    + Detail: 
        * Instance: 
        N/A

        * Loop: 
        +---------------------+---------+---------+----------+-----------+-----------+-------+----------+
        |                     |  Latency (cycles) | Iteration|  Initiation Interval  |  Trip |          |
        |      Loop Name      |   min   |   max   |  Latency |  achieved |   target  | Count | Pipelined|
        +---------------------+---------+---------+----------+-----------+-----------+-------+----------+
        |- loop_horizons      |        ?|        ?|         ?|          -|          -|  1 ~ 5|        no|
        | + loop_nodes        |        ?|        ?|         ?|          -|          -|    128|        no|
        |  ++ loop_neighbors  |        ?|        ?|         6|          -|          -|      ?|        no|
        |  ++ loop_neighbors  |        ?|        ?|         6|          -|          -|      ?|        no|
        | + loop_nodes        |        ?|        ?|         ?|          -|          -|    128|        no|
        |  ++ loop_neighbors  |        ?|        ?|         6|          -|          -|      ?|        no|
        |  ++ loop_neighbors  |        ?|        ?|         6|          -|          -|      ?|        no|
        +---------------------+---------+---------+----------+-----------+-----------+-------+----------+



================================================================
== Utilization Estimates
================================================================
* Summary: 
+-----------------+---------+------+--------+--------+-----+
|       Name      | BRAM_18K|  DSP |   FF   |   LUT  | URAM|
+-----------------+---------+------+--------+--------+-----+
|DSP              |        -|     -|       -|       -|    -|
|Expression       |        -|     -|       0|   14554|    -|
|FIFO             |        -|     -|       -|       -|    -|
|Instance         |        -|     0|     206|     278|    -|
|Memory           |        -|     -|       -|       -|    -|
|Multiplexer      |        -|     -|       -|     822|    -|
|Register         |        -|     -|    3024|       -|    -|
+-----------------+---------+------+--------+--------+-----+
|Total            |        0|     0|    3230|   15654|    0|
+-----------------+---------+------+--------+--------+-----+
|Available        |     2060|  2800|  607200|  303600|    0|
+-----------------+---------+------+--------+--------+-----+
|Utilization (%)  |        0|     0|      ~0|       5|    0|
+-----------------+---------+------+--------+--------+-----+

+ Detail: 
    * Instance: 
    +----------------------------+------------------------+---------+----+----+----+-----+
    |          Instance          |         Module         | BRAM_18K| DSP| FF | LUT| URAM|
    +----------------------------+------------------------+---------+----+----+----+-----+
    |mul_3ns_5ns_7_1_1_U8        |mul_3ns_5ns_7_1_1       |        0|   0|   0|  17|    0|
    |mul_3ns_5ns_7_1_1_U18       |mul_3ns_5ns_7_1_1       |        0|   0|   0|  17|    0|
    |mul_4ns_6ns_9_1_1_U10       |mul_4ns_6ns_9_1_1       |        0|   0|   0|  26|    0|
    |mul_4ns_6ns_9_1_1_U20       |mul_4ns_6ns_9_1_1       |        0|   0|   0|  26|    0|
    |mux_21_8_1_1_U2             |mux_21_8_1_1            |        0|   0|   0|   9|    0|
    |mux_21_8_1_1_U5             |mux_21_8_1_1            |        0|   0|   0|   9|    0|
    |mux_21_8_1_1_U12            |mux_21_8_1_1            |        0|   0|   0|   9|    0|
    |mux_21_8_1_1_U15            |mux_21_8_1_1            |        0|   0|   0|   9|    0|
    |mux_253_64_1_1_U3           |mux_253_64_1_1          |        0|   0|   0|   9|    0|
    |mux_253_64_1_1_U6           |mux_253_64_1_1          |        0|   0|   0|   9|    0|
    |mux_253_64_1_1_U13          |mux_253_64_1_1          |        0|   0|   0|   9|    0|
    |mux_253_64_1_1_U16          |mux_253_64_1_1          |        0|   0|   0|   9|    0|
    |mux_257_8_1_1_U4            |mux_257_8_1_1           |        0|   0|   0|   9|    0|
    |mux_257_8_1_1_U7            |mux_257_8_1_1           |        0|   0|   0|   9|    0|
    |mux_257_8_1_1_U14           |mux_257_8_1_1           |        0|   0|   0|   9|    0|
    |mux_257_8_1_1_U17           |mux_257_8_1_1           |        0|   0|   0|   9|    0|
    |urem_3ns_3ns_3_7_seq_1_U9   |urem_3ns_3ns_3_7_seq_1  |        0|   0|  45|  19|    0|
    |urem_3ns_3ns_3_7_seq_1_U19  |urem_3ns_3ns_3_7_seq_1  |        0|   0|  45|  19|    0|
    |urem_4ns_4ns_3_8_seq_1_U1   |urem_4ns_4ns_3_8_seq_1  |        0|   0|  58|  23|    0|
    |urem_4ns_4ns_3_8_seq_1_U11  |urem_4ns_4ns_3_8_seq_1  |        0|   0|  58|  23|    0|
    +----------------------------+------------------------+---------+----+----+----+-----+
    |Total                       |                        |        0|   0| 206| 278|    0|
    +----------------------------+------------------------+---------+----+----+----+-----+

    * DSP: 
    N/A

    * Memory: 
    N/A

    * FIFO: 
    N/A

    * Expression: 
    +-------------------------+----------+----+---+-----+------------+------------+
    |      Variable Name      | Operation| DSP| FF| LUT | Bitwidth P0| Bitwidth P1|
    +-------------------------+----------+----+---+-----+------------+------------+
    |add_ln21_fu_1697_p2      |         +|   0|  0|   13|           4|           2|
    |cnt_11_fu_2067_p2        |         +|   0|  0|   71|          64|           1|
    |cnt_18_fu_1545_p2        |         +|   0|  0|   71|          64|           1|
    |cnt_19_fu_2389_p2        |         +|   0|  0|   71|          64|           1|
    |cnt_5_fu_1223_p2         |         +|   0|  0|   71|          64|           1|
    |e_12_fu_1551_p2          |         +|   0|  0|   71|          64|           1|
    |e_13_fu_2395_p2          |         +|   0|  0|   71|          64|           1|
    |e_5_fu_1229_p2           |         +|   0|  0|   71|          64|           1|
    |e_9_fu_2073_p2           |         +|   0|  0|   71|          64|           1|
    |n_2_fu_1338_p2           |         +|   0|  0|   16|           9|           2|
    |n_3_fu_2182_p2           |         +|   0|  0|   16|           9|           2|
    |and_ln18_1_fu_788_p2     |       and|   0|  0|   16|          16|          16|
    |and_ln18_fu_810_p2       |       and|   0|  0|   16|          16|          16|
    |and_ln33_1_fu_1181_p2    |       and|   0|  0|   16|          16|          16|
    |and_ln33_2_fu_2046_p2    |       and|   0|  0|   16|          16|          16|
    |and_ln33_3_fu_2025_p2    |       and|   0|  0|   16|          16|          16|
    |and_ln33_4_fu_1524_p2    |       and|   0|  0|   16|          16|          16|
    |and_ln33_5_fu_1503_p2    |       and|   0|  0|   16|          16|          16|
    |and_ln33_6_fu_2368_p2    |       and|   0|  0|   16|          16|          16|
    |and_ln33_7_fu_2347_p2    |       and|   0|  0|   16|          16|          16|
    |and_ln33_fu_1202_p2      |       and|   0|  0|   16|          16|          16|
    |and_ln39_1_fu_1630_p2    |       and|   0|  0|  128|         128|         128|
    |and_ln39_2_fu_2512_p2    |       and|   0|  0|  128|         128|         128|
    |and_ln39_3_fu_2474_p2    |       and|   0|  0|  128|         128|         128|
    |and_ln39_fu_1668_p2      |       and|   0|  0|  128|         128|         128|
    |icmp_ln21_fu_842_p2      |      icmp|   0|  0|    9|           4|           4|
    |icmp_ln25_1_fu_1270_p2   |      icmp|   0|  0|   11|           8|           8|
    |icmp_ln25_2_fu_1787_p2   |      icmp|   0|  0|   11|           8|           8|
    |icmp_ln25_3_fu_2114_p2   |      icmp|   0|  0|   11|           8|           8|
    |icmp_ln25_fu_943_p2      |      icmp|   0|  0|   11|           8|           8|
    |icmp_ln28_1_fu_990_p2    |      icmp|   0|  0|   29|          64|          64|
    |icmp_ln28_2_fu_1311_p2   |      icmp|   0|  0|   29|          64|          64|
    |icmp_ln28_3_fu_1828_p2   |      icmp|   0|  0|   29|          64|          64|
    |icmp_ln28_4_fu_1317_p2   |      icmp|   0|  0|   29|          64|          64|
    |icmp_ln28_5_fu_1834_p2   |      icmp|   0|  0|   29|          64|          64|
    |icmp_ln28_6_fu_2155_p2   |      icmp|   0|  0|   29|          64|          64|
    |icmp_ln28_7_fu_2161_p2   |      icmp|   0|  0|   29|          64|          64|
    |icmp_ln28_fu_984_p2      |      icmp|   0|  0|   29|          64|          64|
    |icmp_ln32_1_fu_1474_p2   |      icmp|   0|  0|   11|           8|           7|
    |icmp_ln32_2_fu_1996_p2   |      icmp|   0|  0|   11|           8|           7|
    |icmp_ln32_3_fu_2318_p2   |      icmp|   0|  0|   11|           8|           7|
    |icmp_ln32_fu_1152_p2     |      icmp|   0|  0|   11|           8|           7|
    |icmp_ln39_1_fu_2535_p2   |      icmp|   0|  0|   29|          64|           1|
    |icmp_ln39_fu_1691_p2     |      icmp|   0|  0|   29|          64|           1|
    |lshr_ln25_1_fu_923_p2    |      lshr|   0|  0|   35|          16|          16|
    |lshr_ln25_2_fu_1753_p2   |      lshr|   0|  0|   35|          16|          16|
    |lshr_ln25_3_fu_1767_p2   |      lshr|   0|  0|   35|          16|          16|
    |lshr_ln25_4_fu_1238_p2   |      lshr|   0|  0|   35|          16|          16|
    |lshr_ln25_5_fu_1251_p2   |      lshr|   0|  0|   35|          16|          16|
    |lshr_ln25_6_fu_2082_p2   |      lshr|   0|  0|   35|          16|          16|
    |lshr_ln25_7_fu_2095_p2   |      lshr|   0|  0|   35|          16|          16|
    |lshr_ln25_fu_909_p2      |      lshr|   0|  0|   35|          16|          16|
    |lshr_ln26_1_fu_1808_p2   |      lshr|   0|  0|  950|         256|         256|
    |lshr_ln26_2_fu_1291_p2   |      lshr|   0|  0|  950|         256|         256|
    |lshr_ln26_3_fu_2135_p2   |      lshr|   0|  0|  950|         256|         256|
    |lshr_ln26_fu_964_p2      |      lshr|   0|  0|  950|         256|         256|
    |lshr_ln29_10_fu_2218_p2  |      lshr|   0|  0|  423|         128|         128|
    |lshr_ln29_1_fu_1052_p2   |      lshr|   0|  0|  423|         128|         128|
    |lshr_ln29_3_fu_1882_p2   |      lshr|   0|  0|  423|         128|         128|
    |lshr_ln29_5_fu_1896_p2   |      lshr|   0|  0|  423|         128|         128|
    |lshr_ln29_7_fu_1360_p2   |      lshr|   0|  0|  423|         128|         128|
    |lshr_ln29_8_fu_1374_p2   |      lshr|   0|  0|  423|         128|         128|
    |lshr_ln29_9_fu_2204_p2   |      lshr|   0|  0|  423|         128|         128|
    |lshr_ln29_fu_1038_p2     |      lshr|   0|  0|  423|         128|         128|
    |lshr_ln30_10_fu_2299_p2  |      lshr|   0|  0|   35|          16|          16|
    |lshr_ln30_1_fu_1133_p2   |      lshr|   0|  0|   35|          16|          16|
    |lshr_ln30_3_fu_1963_p2   |      lshr|   0|  0|   35|          16|          16|
    |lshr_ln30_5_fu_1977_p2   |      lshr|   0|  0|   35|          16|          16|
    |lshr_ln30_7_fu_1441_p2   |      lshr|   0|  0|   35|          16|          16|
    |lshr_ln30_8_fu_1455_p2   |      lshr|   0|  0|   35|          16|          16|
    |lshr_ln30_9_fu_2285_p2   |      lshr|   0|  0|   35|          16|          16|
    |lshr_ln30_fu_1119_p2     |      lshr|   0|  0|   35|          16|          16|
    |conv20_fu_848_p2         |        or|   0|  0|    4|           4|           1|
    |or_ln25_1_fu_1855_p2     |        or|   0|  0|    6|           6|           1|
    |or_ln25_fu_1011_p2       |        or|   0|  0|    6|           6|           1|
    |or_ln33_1_fu_1196_p2     |        or|   0|  0|   16|          16|          16|
    |or_ln33_2_fu_2061_p2     |        or|   0|  0|   16|          16|          16|
    |or_ln33_3_fu_2040_p2     |        or|   0|  0|   16|          16|          16|
    |or_ln33_4_fu_1539_p2     |        or|   0|  0|   16|          16|          16|
    |or_ln33_5_fu_1518_p2     |        or|   0|  0|   16|          16|          16|
    |or_ln33_6_fu_2383_p2     |        or|   0|  0|   16|          16|          16|
    |or_ln33_7_fu_2362_p2     |        or|   0|  0|   16|          16|          16|
    |or_ln33_fu_1217_p2       |        or|   0|  0|   16|          16|          16|
    |or_ln39_1_fu_1646_p2     |        or|   0|  0|  128|         128|         128|
    |or_ln39_2_fu_2528_p2     |        or|   0|  0|  128|         128|         128|
    |or_ln39_3_fu_2490_p2     |        or|   0|  0|  128|         128|         128|
    |or_ln39_fu_1684_p2       |        or|   0|  0|  128|         128|         128|
    |shl_ln18_1_fu_776_p2     |       shl|   0|  0|   35|           8|          16|
    |shl_ln18_fu_798_p2       |       shl|   0|  0|   35|           8|          16|
    |shl_ln33_10_fu_2377_p2   |       shl|   0|  0|   35|          16|          16|
    |shl_ln33_11_fu_2356_p2   |       shl|   0|  0|   35|          16|          16|
    |shl_ln33_1_fu_1211_p2    |       shl|   0|  0|   35|          16|          16|
    |shl_ln33_2_fu_1190_p2    |       shl|   0|  0|   35|          16|          16|
    |shl_ln33_3_fu_2013_p2    |       shl|   0|  0|   35|           8|          16|
    |shl_ln33_4_fu_1491_p2    |       shl|   0|  0|   35|           8|          16|
    |shl_ln33_5_fu_2055_p2    |       shl|   0|  0|   35|          16|          16|
    |shl_ln33_6_fu_2034_p2    |       shl|   0|  0|   35|          16|          16|
    |shl_ln33_7_fu_1533_p2    |       shl|   0|  0|   35|          16|          16|
    |shl_ln33_8_fu_1512_p2    |       shl|   0|  0|   35|          16|          16|
    |shl_ln33_9_fu_2335_p2    |       shl|   0|  0|   35|           8|          16|
    |shl_ln33_fu_1169_p2      |       shl|   0|  0|   35|           8|          16|
    |shl_ln39_2_fu_1678_p2    |       shl|   0|  0|  423|         128|         128|
    |shl_ln39_3_fu_1618_p2    |       shl|   0|  0|  423|          64|         128|
    |shl_ln39_4_fu_1640_p2    |       shl|   0|  0|  423|         128|         128|
    |shl_ln39_5_fu_2500_p2    |       shl|   0|  0|  423|          64|         128|
    |shl_ln39_6_fu_2522_p2    |       shl|   0|  0|  423|         128|         128|
    |shl_ln39_7_fu_2462_p2    |       shl|   0|  0|  423|          64|         128|
    |shl_ln39_8_fu_2484_p2    |       shl|   0|  0|  423|         128|         128|
    |shl_ln39_fu_1656_p2      |       shl|   0|  0|  423|          64|         128|
    |xor_ln18_1_fu_782_p2     |       xor|   0|  0|   16|          16|           2|
    |xor_ln18_fu_804_p2       |       xor|   0|  0|   16|          16|           2|
    |xor_ln33_1_fu_2019_p2    |       xor|   0|  0|   16|          16|           2|
    |xor_ln33_2_fu_1497_p2    |       xor|   0|  0|   16|          16|           2|
    |xor_ln33_3_fu_2341_p2    |       xor|   0|  0|   16|          16|           2|
    |xor_ln33_fu_1175_p2      |       xor|   0|  0|   16|          16|           2|
    |xor_ln39_1_fu_1624_p2    |       xor|   0|  0|  128|         128|           2|
    |xor_ln39_2_fu_2506_p2    |       xor|   0|  0|  128|         128|           2|
    |xor_ln39_3_fu_2468_p2    |       xor|   0|  0|  128|         128|           2|
    |xor_ln39_fu_1662_p2      |       xor|   0|  0|  128|         128|           2|
    +-------------------------+----------+----+---+-----+------------+------------+
    |Total                    |          |   0|  0|14554|        6426|        5479|
    +-------------------------+----------+----+---+-----+------------+------------+

    * Multiplexer: 
    +-------------------------+-----+-----------+-----+-----------+
    |           Name          | LUT | Input Size| Bits| Total Bits|
    +-------------------------+-----+-----------+-----+-----------+
    |ap_NS_fsm                |  305|         69|    1|         69|
    |cnt_12_reg_570           |    9|          2|   64|        128|
    |cnt_13_reg_643           |    9|          2|   64|        128|
    |cnt_14_reg_670           |    9|          2|   64|        128|
    |cnt_15_reg_703           |   13|          3|   64|        192|
    |cnt_17_reg_691           |    9|          2|   64|        128|
    |cnt_1_reg_501            |    9|          2|   64|        128|
    |cnt_2_reg_522            |    9|          2|   64|        128|
    |cnt_3_reg_534            |    9|          2|   64|        128|
    |cnt_4_reg_598            |    9|          2|   64|        128|
    |cnt_6_reg_549            |    9|          2|   64|        128|
    |cnt_7_reg_622            |    9|          2|   64|        128|
    |cnt_8_reg_582            |   13|          3|   64|        192|
    |cnt_9_reg_655            |    9|          2|   64|        128|
    |cnt_reg_477              |    9|          2|   64|        128|
    |e_10_reg_681             |    9|          2|   64|        128|
    |e_1_reg_512              |    9|          2|   64|        128|
    |e_3_reg_560              |    9|          2|   64|        128|
    |e_6_reg_633              |    9|          2|   64|        128|
    |edges_0_address0         |   21|          5|   10|         50|
    |edges_1_address0         |   21|          5|   10|         50|
    |horizon_fu_146           |    9|          2|    4|          8|
    |level_0_address0         |   61|         15|    6|         90|
    |level_0_d0               |   25|          6|   16|         96|
    |level_1_address0         |   61|         15|    6|         90|
    |level_1_d0               |   25|          6|   16|         96|
    |level_counts_0_address0  |   29|          7|    2|         14|
    |level_counts_0_d0        |   17|          4|  128|        512|
    |level_counts_1_address0  |   21|          5|    2|         10|
    |level_counts_1_d0        |   13|          3|  128|        384|
    |n_1_reg_610              |    9|          2|    9|         18|
    |n_reg_489                |    9|          2|    9|         18|
    |nodes_0_address0         |   13|          3|    6|         18|
    |nodes_1_address0         |   13|          3|    6|         18|
    +-------------------------+-----+-----------+-----+-----------+
    |Total                    |  822|        190| 1511|       3973|
    +-------------------------+-----+-----------+-----+-----------+

    * Register: 
    +--------------------------------+----+----+-----+-----------+
    |              Name              | FF | LUT| Bits| Const Bits|
    +--------------------------------+----+----+-----+-----------+
    |add_ln21_reg_2884               |   4|   0|    4|          0|
    |and_ln1_reg_2631                |   1|   0|    4|          3|
    |and_ln25_1_reg_2920             |   1|   0|    4|          3|
    |and_ln_reg_2545                 |   1|   0|    4|          3|
    |ap_CS_fsm                       |  68|   0|   68|          0|
    |cnt_12_reg_570                  |  64|   0|   64|          0|
    |cnt_13_reg_643                  |  64|   0|   64|          0|
    |cnt_14_reg_670                  |  64|   0|   64|          0|
    |cnt_15_reg_703                  |  64|   0|   64|          0|
    |cnt_17_reg_691                  |  64|   0|   64|          0|
    |cnt_1_reg_501                   |  64|   0|   64|          0|
    |cnt_2_reg_522                   |  64|   0|   64|          0|
    |cnt_3_reg_534                   |  64|   0|   64|          0|
    |cnt_4_reg_598                   |  64|   0|   64|          0|
    |cnt_6_reg_549                   |  64|   0|   64|          0|
    |cnt_7_reg_622                   |  64|   0|   64|          0|
    |cnt_8_reg_582                   |  64|   0|   64|          0|
    |cnt_9_reg_655                   |  64|   0|   64|          0|
    |cnt_reg_477                     |  64|   0|   64|          0|
    |conv20_reg_2590                 |   3|   0|    4|          1|
    |e_10_reg_681                    |  64|   0|   64|          0|
    |e_12_reg_2845                   |  64|   0|   64|          0|
    |e_13_reg_3134                   |  64|   0|   64|          0|
    |e_1_reg_512                     |  64|   0|   64|          0|
    |e_3_reg_560                     |  64|   0|   64|          0|
    |e_5_reg_2741                    |  64|   0|   64|          0|
    |e_6_reg_633                     |  64|   0|   64|          0|
    |e_9_reg_3030                    |  64|   0|   64|          0|
    |horizon_fu_146                  |   4|   0|    4|          0|
    |icmp_ln21_reg_2586              |   1|   0|    1|          0|
    |icmp_ln25_1_reg_2746            |   1|   0|    1|          0|
    |icmp_ln25_2_reg_2926            |   1|   0|    1|          0|
    |icmp_ln25_3_reg_3035            |   1|   0|    1|          0|
    |icmp_ln25_reg_2637              |   1|   0|    1|          0|
    |icmp_ln28_2_reg_2765            |   1|   0|    1|          0|
    |icmp_ln28_3_reg_2945            |   1|   0|    1|          0|
    |icmp_ln28_6_reg_3054            |   1|   0|    1|          0|
    |icmp_ln28_reg_2656              |   1|   0|    1|          0|
    |icmp_ln32_1_reg_2822            |   1|   0|    1|          0|
    |icmp_ln32_2_reg_3007            |   1|   0|    1|          0|
    |icmp_ln32_3_reg_3111            |   1|   0|    1|          0|
    |icmp_ln32_reg_2718              |   1|   0|    1|          0|
    |icmp_ln39_reg_2880              |   1|   0|    1|          0|
    |level_0_addr_2_reg_2708         |   6|   0|    6|          0|
    |level_0_addr_5_reg_2812         |   6|   0|    6|          0|
    |level_0_addr_6_reg_2997         |   6|   0|    6|          0|
    |level_0_addr_8_reg_3101         |   6|   0|    6|          0|
    |level_0_addr_reg_2555           |   6|   0|    6|          0|
    |level_1_addr_2_reg_2713         |   6|   0|    6|          0|
    |level_1_addr_5_reg_2817         |   6|   0|    6|          0|
    |level_1_addr_6_reg_3002         |   6|   0|    6|          0|
    |level_1_addr_8_reg_3106         |   6|   0|    6|          0|
    |level_1_addr_reg_2560           |   6|   0|    6|          0|
    |level_counts_0_addr_1_reg_2870  |   2|   0|    2|          0|
    |level_counts_0_addr_2_reg_3159  |   2|   0|    2|          0|
    |level_counts_1_addr_1_reg_3164  |   2|   0|    2|          0|
    |level_counts_1_addr_reg_2875    |   2|   0|    2|          0|
    |lshr_ln2_reg_2698               |  57|   0|   57|          0|
    |lshr_ln30_2_reg_2802            |  57|   0|   57|          0|
    |lshr_ln30_4_reg_2987            |  57|   0|   57|          0|
    |lshr_ln30_6_reg_3091            |  57|   0|   57|          0|
    |n_1_reg_610                     |   9|   0|    9|          0|
    |n_2_reg_2782                    |   9|   0|    9|          0|
    |n_3_reg_3071                    |   9|   0|    9|          0|
    |n_reg_489                       |   9|   0|    9|          0|
    |or_ln33_1_reg_2726              |  16|   0|   16|          0|
    |or_ln33_2_reg_3020              |  16|   0|   16|          0|
    |or_ln33_3_reg_3015              |  16|   0|   16|          0|
    |or_ln33_4_reg_2835              |  16|   0|   16|          0|
    |or_ln33_5_reg_2830              |  16|   0|   16|          0|
    |or_ln33_6_reg_3124              |  16|   0|   16|          0|
    |or_ln33_7_reg_3119              |  16|   0|   16|          0|
    |or_ln33_reg_2731                |  16|   0|   16|          0|
    |shl_ln39_1_reg_3149             |   1|   0|    7|          6|
    |shl_ln_reg_2864                 |   1|   0|    7|          6|
    |tmp_10_reg_3144                 |   1|   0|    1|          0|
    |tmp_11_reg_3155                 |   1|   0|    1|          0|
    |tmp_12_reg_2913                 |   1|   0|    1|          0|
    |tmp_16_reg_2722                 |   1|   0|    1|          0|
    |tmp_17_reg_2992                 |   1|   0|    1|          0|
    |tmp_18_reg_2807                 |   1|   0|    1|          0|
    |tmp_1_reg_2551                  |   1|   0|    1|          0|
    |tmp_20_reg_3011                 |   1|   0|    1|          0|
    |tmp_21_reg_2826                 |   1|   0|    1|          0|
    |tmp_22_reg_3096                 |   1|   0|    1|          0|
    |tmp_23_reg_3115                 |   1|   0|    1|          0|
    |tmp_3_reg_2855                  |   1|   0|    1|          0|
    |tmp_4_reg_2860                  |   1|   0|    1|          0|
    |tmp_6_reg_2624                  |   1|   0|    1|          0|
    |tmp_9_reg_2703                  |   1|   0|    1|          0|
    |tmp_dst_1_reg_2797              |  64|   0|   64|          0|
    |tmp_dst_2_reg_2982              |  64|   0|   64|          0|
    |tmp_dst_3_reg_3086              |  64|   0|   64|          0|
    |tmp_dst_reg_2693                |  64|   0|   64|          0|
    |tmp_end_1_reg_2760              |  64|   0|   64|          0|
    |tmp_end_2_reg_2940              |  64|   0|   64|          0|
    |tmp_end_3_reg_3049              |  64|   0|   64|          0|
    |tmp_end_reg_2651                |  64|   0|   64|          0|
    |trunc_ln24_1_reg_2898           |   6|   0|    6|          0|
    |trunc_ln24_reg_2609             |   6|   0|    6|          0|
    |trunc_ln29_12_reg_2787          |  64|   0|   64|          0|
    |trunc_ln29_13_reg_2792          |  64|   0|   64|          0|
    |trunc_ln29_16_reg_3076          |  64|   0|   64|          0|
    |trunc_ln29_17_reg_3081          |  64|   0|   64|          0|
    |trunc_ln29_1_reg_2683           |  64|   0|   64|          0|
    |trunc_ln29_2_reg_2688           |  64|   0|   64|          0|
    |trunc_ln29_7_reg_2972           |  64|   0|   64|          0|
    |trunc_ln29_8_reg_2977           |  64|   0|   64|          0|
    |zext_ln21_reg_2580              |   4|   0|    8|          4|
    |zext_ln24_reg_2600              |   3|   0|    8|          5|
    +--------------------------------+----+----+-----+-----------+
    |Total                           |3024|   0| 3055|         31|
    +--------------------------------+----+----+-----+-----------+



================================================================
== Interface
================================================================
* Summary: 
+-------------------------+-----+-----+------------+----------------+--------------+
|        RTL Ports        | Dir | Bits|  Protocol  |  Source Object |    C Type    |
+-------------------------+-----+-----+------------+----------------+--------------+
|ap_clk                   |   in|    1|  ap_ctrl_hs|             bfs|  return value|
|ap_rst                   |   in|    1|  ap_ctrl_hs|             bfs|  return value|
|ap_start                 |   in|    1|  ap_ctrl_hs|             bfs|  return value|
|ap_done                  |  out|    1|  ap_ctrl_hs|             bfs|  return value|
|ap_idle                  |  out|    1|  ap_ctrl_hs|             bfs|  return value|
|ap_ready                 |  out|    1|  ap_ctrl_hs|             bfs|  return value|
|nodes_0_address0         |  out|    6|   ap_memory|         nodes_0|         array|
|nodes_0_ce0              |  out|    1|   ap_memory|         nodes_0|         array|
|nodes_0_q0               |   in|  256|   ap_memory|         nodes_0|         array|
|nodes_1_address0         |  out|    6|   ap_memory|         nodes_1|         array|
|nodes_1_ce0              |  out|    1|   ap_memory|         nodes_1|         array|
|nodes_1_q0               |   in|  256|   ap_memory|         nodes_1|         array|
|edges_0_address0         |  out|   10|   ap_memory|         edges_0|         array|
|edges_0_ce0              |  out|    1|   ap_memory|         edges_0|         array|
|edges_0_q0               |   in|  128|   ap_memory|         edges_0|         array|
|edges_1_address0         |  out|   10|   ap_memory|         edges_1|         array|
|edges_1_ce0              |  out|    1|   ap_memory|         edges_1|         array|
|edges_1_q0               |   in|  128|   ap_memory|         edges_1|         array|
|starting_node            |   in|   64|     ap_none|   starting_node|        scalar|
|level_0_address0         |  out|    6|   ap_memory|         level_0|         array|
|level_0_ce0              |  out|    1|   ap_memory|         level_0|         array|
|level_0_we0              |  out|    1|   ap_memory|         level_0|         array|
|level_0_d0               |  out|   16|   ap_memory|         level_0|         array|
|level_0_q0               |   in|   16|   ap_memory|         level_0|         array|
|level_1_address0         |  out|    6|   ap_memory|         level_1|         array|
|level_1_ce0              |  out|    1|   ap_memory|         level_1|         array|
|level_1_we0              |  out|    1|   ap_memory|         level_1|         array|
|level_1_d0               |  out|   16|   ap_memory|         level_1|         array|
|level_1_q0               |   in|   16|   ap_memory|         level_1|         array|
|level_counts_0_address0  |  out|    2|   ap_memory|  level_counts_0|         array|
|level_counts_0_ce0       |  out|    1|   ap_memory|  level_counts_0|         array|
|level_counts_0_we0       |  out|    1|   ap_memory|  level_counts_0|         array|
|level_counts_0_d0        |  out|  128|   ap_memory|  level_counts_0|         array|
|level_counts_0_q0        |   in|  128|   ap_memory|  level_counts_0|         array|
|level_counts_1_address0  |  out|    2|   ap_memory|  level_counts_1|         array|
|level_counts_1_ce0       |  out|    1|   ap_memory|  level_counts_1|         array|
|level_counts_1_we0       |  out|    1|   ap_memory|  level_counts_1|         array|
|level_counts_1_d0        |  out|  128|   ap_memory|  level_counts_1|         array|
|level_counts_1_q0        |   in|  128|   ap_memory|  level_counts_1|         array|
+-------------------------+-----+-----+------------+----------------+--------------+

