

================================================================
== Vitis HLS Report for 'bfs'
================================================================
* Date:           Mon Mar 10 00:14:40 2025

* Version:        2022.1 (Build 3526262 on Mon Apr 18 15:47:01 MDT 2022)
* Project:        bfs_random_prj_p1
* Solution:       solution (Vivado IP Flow Target)
* Product family: virtex7
* Target device:  xc7vx485t-ffg1761-2


================================================================
== Performance Estimates
================================================================
+ Timing: 
    * Summary: 
    +--------+----------+----------+------------+
    |  Clock |  Target  | Estimated| Uncertainty|
    +--------+----------+----------+------------+
    |ap_clk  |  10.00 ns|  5.393 ns|     2.70 ns|
    +--------+----------+----------+------------+

+ Latency: 
    * Summary: 
    +---------+---------+----------+----------+-----+-----+---------+
    |  Latency (cycles) |  Latency (absolute) |  Interval | Pipeline|
    |   min   |   max   |    min   |    max   | min | max |   Type  |
    +---------+---------+----------+----------+-----+-----+---------+
    |        ?|        ?|         ?|         ?|    ?|    ?|       no|
    +---------+---------+----------+----------+-----+-----+---------+

    + Detail: 
        * Instance: 
        N/A

        * Loop: 
        +---------------------+---------+---------+----------+-----------+-----------+-------+----------+
        |                     |  Latency (cycles) | Iteration|  Initiation Interval  |  Trip |          |
        |      Loop Name      |   min   |   max   |  Latency |  achieved |   target  | Count | Pipelined|
        +---------------------+---------+---------+----------+-----------+-----------+-------+----------+
        |- loop_horizons      |        ?|        ?|         ?|          -|          -|  1 ~ 5|        no|
        | + loop_nodes        |        ?|        ?|         ?|          -|          -|    128|        no|
        |  ++ loop_neighbors  |        ?|        ?|         4|          -|          -|      ?|        no|
        |  ++ loop_neighbors  |        ?|        ?|         4|          -|          -|      ?|        no|
        | + loop_nodes        |        ?|        ?|         ?|          -|          -|    128|        no|
        |  ++ loop_neighbors  |        ?|        ?|         4|          -|          -|      ?|        no|
        |  ++ loop_neighbors  |        ?|        ?|         3|          -|          -|      ?|        no|
        +---------------------+---------+---------+----------+-----------+-----------+-------+----------+



================================================================
== Utilization Estimates
================================================================
* Summary: 
+-----------------+---------+------+--------+--------+-----+
|       Name      | BRAM_18K|  DSP |   FF   |   LUT  | URAM|
+-----------------+---------+------+--------+--------+-----+
|DSP              |        -|     -|       -|       -|    -|
|Expression       |        -|     -|       0|     979|    -|
|FIFO             |        -|     -|       -|       -|    -|
|Instance         |        -|     -|       0|      36|    -|
|Memory           |        -|     -|       -|       -|    -|
|Multiplexer      |        -|     -|       -|     519|    -|
|Register         |        -|     -|    1700|       -|    -|
+-----------------+---------+------+--------+--------+-----+
|Total            |        0|     0|    1700|    1534|    0|
+-----------------+---------+------+--------+--------+-----+
|Available        |     2060|  2800|  607200|  303600|    0|
+-----------------+---------+------+--------+--------+-----+
|Utilization (%)  |        0|     0|      ~0|      ~0|    0|
+-----------------+---------+------+--------+--------+-----+

+ Detail: 
    * Instance: 
    +-------------------+----------------+---------+----+---+----+-----+
    |      Instance     |     Module     | BRAM_18K| DSP| FF| LUT| URAM|
    +-------------------+----------------+---------+----+---+----+-----+
    |mux_253_64_1_1_U1  |mux_253_64_1_1  |        0|   0|  0|   9|    0|
    |mux_253_64_1_1_U2  |mux_253_64_1_1  |        0|   0|  0|   9|    0|
    |mux_253_64_1_1_U3  |mux_253_64_1_1  |        0|   0|  0|   9|    0|
    |mux_253_64_1_1_U4  |mux_253_64_1_1  |        0|   0|  0|   9|    0|
    +-------------------+----------------+---------+----+---+----+-----+
    |Total              |                |        0|   0|  0|  36|    0|
    +-------------------+----------------+---------+----+---+----+-----+

    * DSP: 
    N/A

    * Memory: 
    N/A

    * FIFO: 
    N/A

    * Expression: 
    +-----------------------+----------+----+---+----+------------+------------+
    |     Variable Name     | Operation| DSP| FF| LUT| Bitwidth P0| Bitwidth P1|
    +-----------------------+----------+----+---+----+------------+------------+
    |add_ln21_fu_661_p2     |         +|   0|  0|  13|           4|           2|
    |add_ln39_fu_820_p2     |         +|   0|  0|  14|           7|           4|
    |cnt_12_fu_795_p2       |         +|   0|  0|  71|          64|           1|
    |cnt_16_fu_975_p2       |         +|   0|  0|  71|          64|           1|
    |cnt_5_fu_731_p2        |         +|   0|  0|  71|          64|           1|
    |cnt_8_fu_911_p2        |         +|   0|  0|  71|          64|           1|
    |e_11_fu_982_p2         |         +|   0|  0|  71|          64|           1|
    |e_3_fu_737_p2          |         +|   0|  0|  71|          64|           1|
    |e_6_fu_917_p2          |         +|   0|  0|  71|          64|           1|
    |e_9_fu_801_p2          |         +|   0|  0|  71|          64|           1|
    |n_4_fu_768_p2          |         +|   0|  0|  16|           9|           2|
    |n_5_fu_948_p2          |         +|   0|  0|  16|           9|           2|
    |grp_fu_577_p2          |      icmp|   0|  0|  11|           8|           8|
    |grp_fu_592_p2          |      icmp|   0|  0|  11|           8|           7|
    |grp_fu_598_p2          |      icmp|   0|  0|  11|           8|           8|
    |icmp_ln21_fu_615_p2    |      icmp|   0|  0|   9|           4|           4|
    |icmp_ln28_1_fu_680_p2  |      icmp|   0|  0|  29|          64|          64|
    |icmp_ln28_2_fu_854_p2  |      icmp|   0|  0|  29|          64|          64|
    |icmp_ln28_3_fu_747_p2  |      icmp|   0|  0|  29|          64|          64|
    |icmp_ln28_4_fu_860_p2  |      icmp|   0|  0|  29|          64|          64|
    |icmp_ln28_5_fu_753_p2  |      icmp|   0|  0|  29|          64|          64|
    |icmp_ln28_6_fu_927_p2  |      icmp|   0|  0|  29|          64|          64|
    |icmp_ln28_7_fu_933_p2  |      icmp|   0|  0|  29|          64|          64|
    |icmp_ln28_fu_674_p2    |      icmp|   0|  0|  29|          64|          64|
    |icmp_ln39_1_fu_840_p2  |      icmp|   0|  0|  29|          64|           1|
    |icmp_ln39_fu_655_p2    |      icmp|   0|  0|  29|          64|           1|
    |conv20_fu_621_p2       |        or|   0|  0|   4|           4|           1|
    |n_2_fu_699_p2          |        or|   0|  0|   8|           8|           1|
    |n_3_fu_879_p2          |        or|   0|  0|   8|           8|           1|
    +-----------------------+----------+----+---+----+------------+------------+
    |Total                  |          |   0|  0| 979|        1229|         562|
    +-----------------------+----------+----+---+----+------------+------------+

    * Multiplexer: 
    +---------------------------------+-----+-----------+-----+-----------+
    |               Name              | LUT | Input Size| Bits| Total Bits|
    +---------------------------------+-----+-----------+-----+-----------+
    |ap_NS_fsm                        |  147|         30|    1|         30|
    |ap_phi_mux_cnt_17_phi_fu_553_p4  |   13|          3|   64|        192|
    |cnt_10_reg_406                   |    9|          2|   64|        128|
    |cnt_11_reg_439                   |   13|          3|   64|        192|
    |cnt_13_reg_427                   |    9|          2|   64|        128|
    |cnt_14_reg_528                   |    9|          2|   64|        128|
    |cnt_15_reg_561                   |   13|          3|   64|        192|
    |cnt_1_reg_455                    |    9|          2|   64|        128|
    |cnt_2_reg_379                    |    9|          2|   64|        128|
    |cnt_3_reg_391                    |    9|          2|   64|        128|
    |cnt_4_reg_358                    |    9|          2|   64|        128|
    |cnt_6_reg_480                    |    9|          2|   64|        128|
    |cnt_7_reg_513                    |    9|          2|   64|        128|
    |cnt_9_reg_501                    |    9|          2|   64|        128|
    |cnt_reg_333                      |    9|          2|   64|        128|
    |e_10_reg_539                     |    9|          2|   64|        128|
    |e_1_reg_369                      |    9|          2|   64|        128|
    |e_5_reg_491                      |    9|          2|   64|        128|
    |e_7_reg_417                      |    9|          2|   64|        128|
    |edges_0_address0                 |   21|          5|   11|         55|
    |edges_1_address0                 |   21|          5|   11|         55|
    |horizon_fu_102                   |    9|          2|    4|          8|
    |level_address0                   |   57|         14|    8|        112|
    |level_counts_address0            |   17|          4|    4|         16|
    |level_counts_d0                  |   17|          4|   64|        256|
    |level_d0                         |   17|          4|    8|         32|
    |n_1_reg_468                      |    9|          2|    9|         18|
    |n_reg_346                        |    9|          2|    9|         18|
    |nodes_address0                   |   21|          5|    8|         40|
    +---------------------------------+-----+-----------+-----+-----------+
    |Total                            |  519|        116| 1289|       3136|
    +---------------------------------+-----+-----------+-----+-----------+

    * Register: 
    +-----------------------+----+----+-----+-----------+
    |          Name         | FF | LUT| Bits| Const Bits|
    +-----------------------+----+----+-----+-----------+
    |add_ln21_reg_1041      |   4|   0|    4|          0|
    |ap_CS_fsm              |  29|   0|   29|          0|
    |cnt_10_reg_406         |  64|   0|   64|          0|
    |cnt_11_reg_439         |  64|   0|   64|          0|
    |cnt_13_reg_427         |  64|   0|   64|          0|
    |cnt_14_reg_528         |  64|   0|   64|          0|
    |cnt_15_reg_561         |  64|   0|   64|          0|
    |cnt_1_reg_455          |  64|   0|   64|          0|
    |cnt_2_reg_379          |  64|   0|   64|          0|
    |cnt_3_reg_391          |  64|   0|   64|          0|
    |cnt_4_reg_358          |  64|   0|   64|          0|
    |cnt_6_reg_480          |  64|   0|   64|          0|
    |cnt_7_reg_513          |  64|   0|   64|          0|
    |cnt_9_reg_501          |  64|   0|   64|          0|
    |cnt_reg_333            |  64|   0|   64|          0|
    |conv20_reg_1007        |   3|   0|    4|          1|
    |e_10_reg_539           |  64|   0|   64|          0|
    |e_1_reg_369            |  64|   0|   64|          0|
    |e_3_reg_1110           |  64|   0|   64|          0|
    |e_5_reg_491            |  64|   0|   64|          0|
    |e_6_reg_1249           |  64|   0|   64|          0|
    |e_7_reg_417            |  64|   0|   64|          0|
    |e_9_reg_1169           |  64|   0|   64|          0|
    |horizon_fu_102         |   4|   0|    4|          0|
    |icmp_ln21_reg_1003     |   1|   0|    1|          0|
    |icmp_ln25_1_reg_1190   |   1|   0|    1|          0|
    |icmp_ln25_2_reg_1115   |   1|   0|    1|          0|
    |icmp_ln25_3_reg_1254   |   1|   0|    1|          0|
    |icmp_ln25_reg_1051     |   1|   0|    1|          0|
    |icmp_ln28_2_reg_1209   |   1|   0|    1|          0|
    |icmp_ln28_3_reg_1134   |   1|   0|    1|          0|
    |icmp_ln28_6_reg_1273   |   1|   0|    1|          0|
    |icmp_ln28_reg_1070     |   1|   0|    1|          0|
    |icmp_ln39_reg_1037     |   1|   0|    1|          0|
    |level_addr_3_reg_1097  |   8|   0|    8|          0|
    |level_addr_5_reg_1236  |   8|   0|    8|          0|
    |level_addr_7_reg_1156  |   8|   0|    8|          0|
    |level_addr_8_reg_1295  |   8|   0|    8|          0|
    |n_1_reg_468            |   9|   0|    9|          0|
    |n_4_reg_1151           |   9|   0|    9|          0|
    |n_5_reg_1290           |   9|   0|    9|          0|
    |n_reg_346              |   9|   0|    9|          0|
    |shl_ln_reg_1032        |   3|   0|    7|          4|
    |tmp_end_1_reg_1204     |  64|   0|   64|          0|
    |tmp_end_2_reg_1129     |  64|   0|   64|          0|
    |tmp_end_3_reg_1268     |  64|   0|   64|          0|
    |tmp_end_reg_1065       |  64|   0|   64|          0|
    |zext_ln16_1_reg_1226   |   7|   0|   64|         57|
    |zext_ln16_reg_1087     |   7|   0|   64|         57|
    |zext_ln21_reg_998      |   4|   0|    8|          4|
    |zext_ln24_1_reg_1019   |   9|   0|   64|         55|
    |zext_ln24_2_reg_1046   |   4|   0|    8|          4|
    |zext_ln24_3_reg_1174   |   9|   0|   64|         55|
    |zext_ln24_reg_1013     |   3|   0|    8|          5|
    +-----------------------+----+----+-----+-----------+
    |Total                  |1700|   0| 1942|        242|
    +-----------------------+----+----+-----+-----------+



================================================================
== Interface
================================================================
* Summary: 
+-----------------------+-----+-----+------------+---------------+--------------+
|       RTL Ports       | Dir | Bits|  Protocol  | Source Object |    C Type    |
+-----------------------+-----+-----+------------+---------------+--------------+
|ap_clk                 |   in|    1|  ap_ctrl_hs|            bfs|  return value|
|ap_rst                 |   in|    1|  ap_ctrl_hs|            bfs|  return value|
|ap_start               |   in|    1|  ap_ctrl_hs|            bfs|  return value|
|ap_done                |  out|    1|  ap_ctrl_hs|            bfs|  return value|
|ap_idle                |  out|    1|  ap_ctrl_hs|            bfs|  return value|
|ap_ready               |  out|    1|  ap_ctrl_hs|            bfs|  return value|
|nodes_address0         |  out|    8|   ap_memory|          nodes|         array|
|nodes_ce0              |  out|    1|   ap_memory|          nodes|         array|
|nodes_q0               |   in|  128|   ap_memory|          nodes|         array|
|edges_0_address0       |  out|   11|   ap_memory|        edges_0|         array|
|edges_0_ce0            |  out|    1|   ap_memory|        edges_0|         array|
|edges_0_q0             |   in|   64|   ap_memory|        edges_0|         array|
|edges_1_address0       |  out|   11|   ap_memory|        edges_1|         array|
|edges_1_ce0            |  out|    1|   ap_memory|        edges_1|         array|
|edges_1_q0             |   in|   64|   ap_memory|        edges_1|         array|
|starting_node          |   in|   64|     ap_none|  starting_node|        scalar|
|level_address0         |  out|    8|   ap_memory|          level|         array|
|level_ce0              |  out|    1|   ap_memory|          level|         array|
|level_we0              |  out|    1|   ap_memory|          level|         array|
|level_d0               |  out|    8|   ap_memory|          level|         array|
|level_q0               |   in|    8|   ap_memory|          level|         array|
|level_counts_address0  |  out|    4|   ap_memory|   level_counts|         array|
|level_counts_ce0       |  out|    1|   ap_memory|   level_counts|         array|
|level_counts_we0       |  out|    1|   ap_memory|   level_counts|         array|
|level_counts_d0        |  out|   64|   ap_memory|   level_counts|         array|
+-----------------------+-----+-----+------------+---------------+--------------+

